[    0.000000] Booting Linux on physical CPU 0x10000
[    0.000000] Linux version 4.10.0-28-generic (buildd@bos01-arm64-028) (gcc version 5.4.0 20160609 (Ubuntu/Linaro 5.4.0-6ubuntu1~16.04.4) ) #32~16.04.2-Ubuntu SMP Thu Jul 20 10:20:24 UTC 2017 (Ubuntu 4.10.0-28.32~16.04.2-generic 4.10.17)
[    0.000000] Boot CPU: AArch64 Processor [410fd082]
[    0.000000] efi: Getting EFI parameters from FDT:
[    0.000000] efi: EFI v2.60 by EDK II
[    0.000000] efi:  SMBIOS=0x3edb0000  SMBIOS 3.0=0x39840000  ACPI=0x39930000  ACPI 2.0=0x39930014  MEMATTR=0x3bbf8018 
[    0.000000] crashkernel reserved: 0x000000001d400000 - 0x000000002d400000 (256 MB)
[    0.000000] ACPI: Early table checksum verification disabled
[    0.000000] ACPI: RSDP 0x0000000039930014 000024 (v02 HISI  )
[    0.000000] ACPI: XSDT 0x00000000399200E8 000064 (v01 HISI   HIP07    00000000      01000013)
[    0.000000] ACPI: FACP 0x00000000397D0000 000114 (v06 HISI   HIP07    00000000 INTL 20151124)
[    0.000000] ACPI: DSDT 0x0000000039790000 00673B (v02 HISI   HIP07    00000000 INTL 20151124)
[    0.000000] ACPI: MCFG 0x0000000039820000 0000AC (v01 HISI   HIP07    00000000 INTL 20151124)
[    0.000000] ACPI: SLIT 0x0000000039810000 00003C (v01 HISI   HIP07    00000000 INTL 20151124)
[    0.000000] ACPI: SRAT 0x0000000039800000 000578 (v03 HISI   HIP07    00000000 INTL 20151124)
[    0.000000] ACPI: DBG2 0x00000000397F0000 00005A (v00 HISI   HIP07    00000000 INTL 20151124)
[    0.000000] ACPI: GTDT 0x00000000397C0000 00007C (v02 HISI   HIP07    00000000 INTL 20151124)
[    0.000000] ACPI: APIC 0x00000000397B0000 0014E4 (v04 HISI   HIP07    00000000 INTL 20151124)
[    0.000000] ACPI: IORT 0x00000000397A0000 000514 (v00 HISI   HIP07    00000000 INTL 20151124)
[    0.000000] ACPI: NUMA: SRAT: PXM 0 -> MPIDR 0x10000 -> Node 0
[    0.000000] ACPI: NUMA: SRAT: PXM 0 -> MPIDR 0x10001 -> Node 0
[    0.000000] ACPI: NUMA: SRAT: PXM 0 -> MPIDR 0x10002 -> Node 0
[    0.000000] ACPI: NUMA: SRAT: PXM 0 -> MPIDR 0x10003 -> Node 0
[    0.000000] ACPI: NUMA: SRAT: PXM 0 -> MPIDR 0x10100 -> Node 0
[    0.000000] ACPI: NUMA: SRAT: PXM 0 -> MPIDR 0x10101 -> Node 0
[    0.000000] ACPI: NUMA: SRAT: PXM 0 -> MPIDR 0x10102 -> Node 0
[    0.000000] ACPI: NUMA: SRAT: PXM 0 -> MPIDR 0x10103 -> Node 0
[    0.000000] ACPI: NUMA: SRAT: PXM 0 -> MPIDR 0x10200 -> Node 0
[    0.000000] ACPI: NUMA: SRAT: PXM 0 -> MPIDR 0x10201 -> Node 0
[    0.000000] ACPI: NUMA: SRAT: PXM 0 -> MPIDR 0x10202 -> Node 0
[    0.000000] ACPI: NUMA: SRAT: PXM 0 -> MPIDR 0x10203 -> Node 0
[    0.000000] ACPI: NUMA: SRAT: PXM 0 -> MPIDR 0x10300 -> Node 0
[    0.000000] ACPI: NUMA: SRAT: PXM 0 -> MPIDR 0x10301 -> Node 0
[    0.000000] ACPI: NUMA: SRAT: PXM 0 -> MPIDR 0x10302 -> Node 0
[    0.000000] ACPI: NUMA: SRAT: PXM 0 -> MPIDR 0x10303 -> Node 0
[    0.000000] ACPI: NUMA: SRAT: PXM 1 -> MPIDR 0x30000 -> Node 1
[    0.000000] ACPI: NUMA: SRAT: PXM 1 -> MPIDR 0x30001 -> Node 1
[    0.000000] ACPI: NUMA: SRAT: PXM 1 -> MPIDR 0x30002 -> Node 1
[    0.000000] ACPI: NUMA: SRAT: PXM 1 -> MPIDR 0x30003 -> Node 1
[    0.000000] ACPI: NUMA: SRAT: PXM 1 -> MPIDR 0x30100 -> Node 1
[    0.000000] ACPI: NUMA: SRAT: PXM 1 -> MPIDR 0x30101 -> Node 1
[    0.000000] ACPI: NUMA: SRAT: PXM 1 -> MPIDR 0x30102 -> Node 1
[    0.000000] ACPI: NUMA: SRAT: PXM 1 -> MPIDR 0x30103 -> Node 1
[    0.000000] ACPI: NUMA: SRAT: PXM 1 -> MPIDR 0x30200 -> Node 1
[    0.000000] ACPI: NUMA: SRAT: PXM 1 -> MPIDR 0x30201 -> Node 1
[    0.000000] ACPI: NUMA: SRAT: PXM 1 -> MPIDR 0x30202 -> Node 1
[    0.000000] ACPI: NUMA: SRAT: PXM 1 -> MPIDR 0x30203 -> Node 1
[    0.000000] ACPI: NUMA: SRAT: PXM 1 -> MPIDR 0x30300 -> Node 1
[    0.000000] ACPI: NUMA: SRAT: PXM 1 -> MPIDR 0x30301 -> Node 1
[    0.000000] ACPI: NUMA: SRAT: PXM 1 -> MPIDR 0x30302 -> Node 1
[    0.000000] ACPI: NUMA: SRAT: PXM 1 -> MPIDR 0x30303 -> Node 1
[    0.000000] ACPI: NUMA: SRAT: PXM 2 -> MPIDR 0x50000 -> Node 2
[    0.000000] ACPI: NUMA: SRAT: PXM 2 -> MPIDR 0x50001 -> Node 2
[    0.000000] ACPI: NUMA: SRAT: PXM 2 -> MPIDR 0x50002 -> Node 2
[    0.000000] ACPI: NUMA: SRAT: PXM 2 -> MPIDR 0x50003 -> Node 2
[    0.000000] ACPI: NUMA: SRAT: PXM 2 -> MPIDR 0x50100 -> Node 2
[    0.000000] ACPI: NUMA: SRAT: PXM 2 -> MPIDR 0x50101 -> Node 2
[    0.000000] ACPI: NUMA: SRAT: PXM 2 -> MPIDR 0x50102 -> Node 2
[    0.000000] ACPI: NUMA: SRAT: PXM 2 -> MPIDR 0x50103 -> Node 2
[    0.000000] ACPI: NUMA: SRAT: PXM 2 -> MPIDR 0x50200 -> Node 2
[    0.000000] ACPI: NUMA: SRAT: PXM 2 -> MPIDR 0x50201 -> Node 2
[    0.000000] ACPI: NUMA: SRAT: PXM 2 -> MPIDR 0x50202 -> Node 2
[    0.000000] ACPI: NUMA: SRAT: PXM 2 -> MPIDR 0x50203 -> Node 2
[    0.000000] ACPI: NUMA: SRAT: PXM 2 -> MPIDR 0x50300 -> Node 2
[    0.000000] ACPI: NUMA: SRAT: PXM 2 -> MPIDR 0x50301 -> Node 2
[    0.000000] ACPI: NUMA: SRAT: PXM 2 -> MPIDR 0x50302 -> Node 2
[    0.000000] ACPI: NUMA: SRAT: PXM 2 -> MPIDR 0x50303 -> Node 2
[    0.000000] ACPI: NUMA: SRAT: PXM 3 -> MPIDR 0x70000 -> Node 3
[    0.000000] ACPI: NUMA: SRAT: PXM 3 -> MPIDR 0x70001 -> Node 3
[    0.000000] ACPI: NUMA: SRAT: PXM 3 -> MPIDR 0x70002 -> Node 3
[    0.000000] ACPI: NUMA: SRAT: PXM 3 -> MPIDR 0x70003 -> Node 3
[    0.000000] ACPI: NUMA: SRAT: PXM 3 -> MPIDR 0x70100 -> Node 3
[    0.000000] ACPI: NUMA: SRAT: PXM 3 -> MPIDR 0x70101 -> Node 3
[    0.000000] ACPI: NUMA: SRAT: PXM 3 -> MPIDR 0x70102 -> Node 3
[    0.000000] ACPI: NUMA: SRAT: PXM 3 -> MPIDR 0x70103 -> Node 3
[    0.000000] ACPI: NUMA: SRAT: PXM 3 -> MPIDR 0x70200 -> Node 3
[    0.000000] ACPI: NUMA: SRAT: PXM 3 -> MPIDR 0x70201 -> Node 3
[    0.000000] ACPI: NUMA: SRAT: PXM 3 -> MPIDR 0x70202 -> Node 3
[    0.000000] ACPI: NUMA: SRAT: PXM 3 -> MPIDR 0x70203 -> Node 3
[    0.000000] ACPI: NUMA: SRAT: PXM 3 -> MPIDR 0x70300 -> Node 3
[    0.000000] ACPI: NUMA: SRAT: PXM 3 -> MPIDR 0x70301 -> Node 3
[    0.000000] ACPI: NUMA: SRAT: PXM 3 -> MPIDR 0x70302 -> Node 3
[    0.000000] ACPI: NUMA: SRAT: PXM 3 -> MPIDR 0x70303 -> Node 3
[    0.000000] NUMA: Adding memblock [0x0 - 0x3fffffff] on node 0
[    0.000000] ACPI: SRAT: Node 0 PXM 0 [mem 0x00000000-0x3fffffff]
[    0.000000] NUMA: Adding memblock [0x4000000000 - 0x5fffffffff] on node 1
[    0.000000] ACPI: SRAT: Node 1 PXM 1 [mem 0x4000000000-0x5fffffffff]
[    0.000000] NUMA: Adding memblock [0x2000000000 - 0x3fffffffff] on node 0
[    0.000000] ACPI: SRAT: Node 0 PXM 0 [mem 0x2000000000-0x3fffffffff]
[    0.000000] NUMA: Adding memblock [0xc000000000 - 0xdfffffffff] on node 3
[    0.000000] ACPI: SRAT: Node 3 PXM 3 [mem 0xc000000000-0xdfffffffff]
[    0.000000] NUMA: Adding memblock [0xa000000000 - 0xbfffffffff] on node 2
[    0.000000] ACPI: SRAT: Node 2 PXM 2 [mem 0xa000000000-0xbfffffffff]
[    0.000000] NUMA: Initmem setup node 0 [mem 0x00000000-0x3ffbffffff]
[    0.000000] NUMA: NODE_DATA [mem 0x3ffbffcd00-0x3ffbffffff]
[    0.000000] NUMA: Initmem setup node 1 [mem 0x4000000000-0x5ffbffffff]
[    0.000000] NUMA: NODE_DATA [mem 0x5ffbffcd00-0x5ffbffffff]
[    0.000000] NUMA: Initmem setup node 2 [mem 0xa000000000-0xbffbffffff]
[    0.000000] NUMA: NODE_DATA [mem 0xbffbffcd00-0xbffbffffff]
[    0.000000] NUMA: Initmem setup node 3 [mem 0xc000000000-0xdffbffffff]
[    0.000000] NUMA: NODE_DATA [mem 0xdffbf69d00-0xdffbf6cfff]
[    0.000000] Zone ranges:
[    0.000000]   DMA      [mem 0x0000000000000000-0x00000000ffffffff]
[    0.000000]   Normal   [mem 0x0000000100000000-0x000000dffbffffff]
[    0.000000] Movable zone start for each node
[    0.000000] Early memory node ranges
[    0.000000]   node   0: [mem 0x0000000000000000-0x00000000396effff]
[    0.000000]   node   0: [mem 0x00000000396f0000-0x0000000039dbffff]
[    0.000000]   node   0: [mem 0x0000000039dc0000-0x000000003edaffff]
[    0.000000]   node   0: [mem 0x000000003edb0000-0x000000003eddffff]
[    0.000000]   node   0: [mem 0x000000003ede0000-0x000000003fbfffff]
[    0.000000]   node   0: [mem 0x0000002040000000-0x0000003ffbffffff]
[    0.000000]   node   1: [mem 0x0000004000000000-0x0000005ffbffffff]
[    0.000000]   node   2: [mem 0x000000a000000000-0x000000bffbffffff]
[    0.000000]   node   3: [mem 0x000000c000000000-0x000000dffbffffff]
[    0.000000] Initmem setup node 0 [mem 0x0000000000000000-0x0000003ffbffffff]
[    0.000000] On node 0 totalpages: 33537024
[    0.000000]   DMA zone: 4080 pages used for memmap
[    0.000000]   DMA zone: 0 pages reserved
[    0.000000]   DMA zone: 261120 pages, LIFO batch:31
[    0.000000]   Normal zone: 519936 pages used for memmap
[    0.000000]   Normal zone: 33275904 pages, LIFO batch:31
[    0.000000] Initmem setup node 1 [mem 0x0000004000000000-0x0000005ffbffffff]
[    0.000000] On node 1 totalpages: 33538048
[    0.000000]   Normal zone: 524032 pages used for memmap
[    0.000000]   Normal zone: 33538048 pages, LIFO batch:31
[    0.000000] Initmem setup node 2 [mem 0x000000a000000000-0x000000bffbffffff]
[    0.000000] On node 2 totalpages: 33538048
[    0.000000]   Normal zone: 524032 pages used for memmap
[    0.000000]   Normal zone: 33538048 pages, LIFO batch:31
[    0.000000] Initmem setup node 3 [mem 0x000000c000000000-0x000000dffbffffff]
[    0.000000] On node 3 totalpages: 33538048
[    0.000000]   Normal zone: 524032 pages used for memmap
[    0.000000]   Normal zone: 33538048 pages, LIFO batch:31
[    0.000000] psci: probing for conduit method from ACPI.
[    0.000000] psci: PSCIv1.0 detected in firmware.
[    0.000000] psci: Using standard PSCI v0.2 function IDs
[    0.000000] psci: MIGRATE_INFO_TYPE not supported.
[    0.000000] percpu: Embedded 23 pages/cpu @ffff803ffbe7f000 s54808 r8192 d31208 u94208
[    0.000000] pcpu-alloc: s54808 r8192 d31208 u94208 alloc=23*4096
[    0.000000] pcpu-alloc: [0] 00 [0] 01 [0] 02 [0] 03 [0] 04 [0] 05 [0] 06 [0] 07 
[    0.000000] pcpu-alloc: [0] 08 [0] 09 [0] 10 [0] 11 [0] 12 [0] 13 [0] 14 [0] 15 
[    0.000000] pcpu-alloc: [1] 16 [1] 17 [1] 18 [1] 19 [1] 20 [1] 21 [1] 22 [1] 23 
[    0.000000] pcpu-alloc: [1] 24 [1] 25 [1] 26 [1] 27 [1] 28 [1] 29 [1] 30 [1] 31 
[    0.000000] pcpu-alloc: [2] 32 [2] 33 [2] 34 [2] 35 [2] 36 [2] 37 [2] 38 [2] 39 
[    0.000000] pcpu-alloc: [2] 40 [2] 41 [2] 42 [2] 43 [2] 44 [2] 45 [2] 46 [2] 47 
[    0.000000] pcpu-alloc: [3] 48 [3] 49 [3] 50 [3] 51 [3] 52 [3] 53 [3] 54 [3] 55 
[    0.000000] pcpu-alloc: [3] 56 [3] 57 [3] 58 [3] 59 [3] 60 [3] 61 [3] 62 [3] 63 
[    0.000000] Detected PIPT I-cache on CPU0
[    0.000000] Built 4 zonelists in Node order, mobility grouping on.  Total pages: 132055056
[    0.000000] Policy zone: Normal
[    0.000000] Kernel command line: BOOT_IMAGE=/vmlinuz-4.10.0-28-generic root=/dev/mapper/DPDK2--vg-root ro crashkernel=384M-2G:128M,2G-:256M
[    0.000000] log_buf_len individual max cpu contribution: 4096 bytes
[    0.000000] log_buf_len total cpu_extra contributions: 258048 bytes
[    0.000000] log_buf_len min size: 16384 bytes
[    0.000000] log_buf_len: 524288 bytes
[    0.000000] early log buf free: 5304(32%)
[    0.000000] PID hash table entries: 4096 (order: 3, 32768 bytes)
[    0.000000] software IO TLB [mem 0x356f0000-0x396f0000] (64MB) mapped at [ffff8000356f0000-ffff8000396effff]
[    0.000000] Memory: 527811564K/536604672K available (9852K kernel code, 1262K rwdata, 3796K rodata, 4224K init, 1067K bss, 8793108K reserved, 0K cma-reserved)
[    0.000000] Virtual kernel memory layout:
[    0.000000]     modules : 0xffff000000000000 - 0xffff000008000000   (   128 MB)
[    0.000000]     vmalloc : 0xffff000008000000 - 0xffff7dffbfff0000   (129022 GB)
[    0.000000]       .text : 0xffff000008080000 - 0xffff000008a20000   (  9856 KB)
[    0.000000]     .rodata : 0xffff000008a20000 - 0xffff000008de0000   (  3840 KB)
[    0.000000]       .init : 0xffff000008de0000 - 0xffff000009200000   (  4224 KB)
[    0.000000]       .data : 0xffff000009200000 - 0xffff00000933ba00   (  1263 KB)
[    0.000000]        .bss : 0xffff00000933ba00 - 0xffff0000094469ac   (  1068 KB)
[    0.000000]     fixed   : 0xffff7dfffe7fd000 - 0xffff7dfffec00000   (  4108 KB)
[    0.000000]     PCI I/O : 0xffff7dfffee00000 - 0xffff7dffffe00000   (    16 MB)
[    0.000000]     vmemmap : 0xffff7e0000000000 - 0xffff800000000000   (  2048 GB maximum)
[    0.000000]               0xffff7e0000000000 - 0xffff7e037ff00000   ( 14335 MB actual)
[    0.000000]     memory  : 0xffff800000000000 - 0xffff80dffc000000   (917440 MB)
[    0.000000] SLUB: HWalign=64, Order=0-3, MinObjects=0, CPUs=64, Nodes=4
[    0.000000] Hierarchical RCU implementation.
[    0.000000] 	Build-time adjustment of leaf fanout to 64.
[    0.000000] 	RCU restricting CPUs from NR_CPUS=256 to nr_cpu_ids=64.
[    0.000000] RCU: Adjusting geometry for rcu_fanout_leaf=64, nr_cpu_ids=64
[    0.000000] NR_IRQS:64 nr_irqs:64 0
[    0.000000] GICv3: GIC: Using split EOI/Deactivate mode
[    0.000000] ITS [mem 0x4c000000-0x4c01ffff]
[    0.000000] ITS@0x000000004c000000: allocated 524288 Devices @3f7a400000 (flat, esz 8, psz 16K, shr 1)
[    0.000000] ITS@0x000000004c000000: allocated 2048 Virtual CPUs @3f7a0b8000 (flat, esz 8, psz 4K, shr 1)
[    0.000000] ITS@0x000000004c000000: allocated 512 Interrupt Collections @3f7a0b6000 (flat, esz 8, psz 4K, shr 1)
[    0.000000] ITS [mem 0x6c000000-0x6c01ffff]
[    0.000000] ITS@0x000000006c000000: allocated 524288 Devices @3f7a800000 (flat, esz 8, psz 16K, shr 1)
[    0.000000] ITS@0x000000006c000000: allocated 2048 Virtual CPUs @3f7a0bc000 (flat, esz 8, psz 4K, shr 1)
[    0.000000] ITS@0x000000006c000000: allocated 512 Interrupt Collections @3f7a0b7000 (flat, esz 8, psz 4K, shr 1)
[    0.000000] ITS [mem 0xc6000000-0xc601ffff]
[    0.000000] ITS@0x00000000c6000000: allocated 524288 Devices @3f7ac00000 (flat, esz 8, psz 16K, shr 1)
[    0.000000] ITS@0x00000000c6000000: allocated 2048 Virtual CPUs @3f7a0f0000 (flat, esz 8, psz 4K, shr 1)
[    0.000000] ITS@0x00000000c6000000: allocated 512 Interrupt Collections @3f7a0f4000 (flat, esz 8, psz 4K, shr 1)
[    0.000000] ITS [mem 0x8c6000000-0x8c601ffff]
[    0.000000] ITS@0x00000008c6000000: allocated 524288 Devices @3f79000000 (flat, esz 8, psz 16K, shr 1)
[    0.000000] ITS@0x00000008c6000000: allocated 2048 Virtual CPUs @3f7a0f8000 (flat, esz 8, psz 4K, shr 1)
[    0.000000] ITS@0x00000008c6000000: allocated 512 Interrupt Collections @3f7a0f6000 (flat, esz 8, psz 4K, shr 1)
[    0.000000] ITS [mem 0x4004c000000-0x4004c01ffff]
[    0.000000] ITS@0x000004004c000000: allocated 524288 Devices @3f79400000 (flat, esz 8, psz 16K, shr 1)
[    0.000000] ITS@0x000004004c000000: allocated 2048 Virtual CPUs @3f7a0fc000 (flat, esz 8, psz 4K, shr 1)
[    0.000000] ITS@0x000004004c000000: allocated 512 Interrupt Collections @3f7a0f7000 (flat, esz 8, psz 4K, shr 1)
[    0.000000] ITS [mem 0x4006c000000-0x4006c01ffff]
[    0.000000] ITS@0x000004006c000000: allocated 524288 Devices @3f79800000 (flat, esz 8, psz 16K, shr 1)
[    0.000000] ITS@0x000004006c000000: allocated 2048 Virtual CPUs @3f7a130000 (flat, esz 8, psz 4K, shr 1)
[    0.000000] ITS@0x000004006c000000: allocated 512 Interrupt Collections @3f7a134000 (flat, esz 8, psz 4K, shr 1)
[    0.000000] ITS [mem 0x400c6000000-0x400c601ffff]
[    0.000000] ITS@0x00000400c6000000: allocated 524288 Devices @3f79c00000 (flat, esz 8, psz 16K, shr 1)
[    0.000000] ITS@0x00000400c6000000: allocated 2048 Virtual CPUs @3f7a138000 (flat, esz 8, psz 4K, shr 1)
[    0.000000] ITS@0x00000400c6000000: allocated 512 Interrupt Collections @3f7a135000 (flat, esz 8, psz 4K, shr 1)
[    0.000000] ITS [mem 0x408c6000000-0x408c601ffff]
[    0.000000] ITS@0x00000408c6000000: allocated 524288 Devices @3f78000000 (flat, esz 8, psz 16K, shr 1)
[    0.000000] ITS@0x00000408c6000000: allocated 2048 Virtual CPUs @3f7a13c000 (flat, esz 8, psz 4K, shr 1)
[    0.000000] ITS@0x00000408c6000000: allocated 512 Interrupt Collections @3f7a136000 (flat, esz 8, psz 4K, shr 1)
[    0.000000] GIC: using LPI property table @0x0000003f7a160000
[    0.000000] ITS: Allocated 1792 chunks for LPIs
[    0.000000] GICv3: CPU0: found redistributor 10000 region 0:0x000000004d100000
[    0.000000] CPU0: using LPI pending table @0x0000003f7a170000
[    0.000000] arch_timer: Enabling global workaround for HiSilicon erratum 161010101
[    0.000000] arch_timer: CPU0: Trapping CNTVCT access
[    0.000000] arch_timer: cp15 timer(s) running at 50.00MHz (phys).
[    0.000000] clocksource: arch_sys_counter: mask: 0xffffffffffffff max_cycles: 0xb8812736b, max_idle_ns: 440795202655 ns
[    0.000001] sched_clock: 56 bits at 50MHz, resolution 20ns, wraps every 4398046511100ns
[    0.000081] Console: colour dummy device 80x25
[    0.000927] console [tty0] enabled
[    0.001009] mempolicy: Enabling automatic NUMA balancing. Configure with numa_balancing= or the kernel.numa_balancing sysctl
[    0.001032] Calibrating delay loop (skipped), value calculated using timer frequency.. 100.00 BogoMIPS (lpj=200000)
[    0.001042] pid_max: default: 65536 minimum: 512
[    0.001066] ACPI: Core revision 20160930
[    0.002876] ACPI: 1 ACPI AML tables successfully acquired and loaded
[    0.002960] Security Framework initialized
[    0.002967] Yama: becoming mindful.
[    0.003026] AppArmor: AppArmor initialized
[    0.074689] Dentry cache hash table entries: 67108864 (order: 17, 536870912 bytes)
[    0.230409] Inode-cache hash table entries: 33554432 (order: 16, 268435456 bytes)
[    0.290917] Mount-cache hash table entries: 1048576 (order: 11, 8388608 bytes)
[    0.292087] Mountpoint-cache hash table entries: 1048576 (order: 11, 8388608 bytes)
[    0.296059] ftrace: allocating 33724 entries in 132 pages
[    0.410188] ASID allocator initialised with 65536 entries
[    0.410758] PCI/MSI: ITS@0x4c000000 domain created
[    0.410766] PCI/MSI: ITS@0x6c000000 domain created
[    0.410772] PCI/MSI: ITS@0xc6000000 domain created
[    0.410777] PCI/MSI: ITS@0x8c6000000 domain created
[    0.410782] PCI/MSI: ITS@0x4004c000000 domain created
[    0.410788] PCI/MSI: ITS@0x4006c000000 domain created
[    0.410793] PCI/MSI: ITS@0x400c6000000 domain created
[    0.410798] PCI/MSI: ITS@0x408c6000000 domain created
[    0.410809] Platform MSI: ITS@0x4c000000 domain created
[    0.410815] Platform MSI: ITS@0x6c000000 domain created
[    0.410821] Platform MSI: ITS@0xc6000000 domain created
[    0.410827] Platform MSI: ITS@0x8c6000000 domain created
[    0.410833] Platform MSI: ITS@0x4004c000000 domain created
[    0.410838] Platform MSI: ITS@0x4006c000000 domain created
[    0.410844] Platform MSI: ITS@0x400c6000000 domain created
[    0.410850] Platform MSI: ITS@0x408c6000000 domain created
[    0.410902] Remapping and enabling EFI services.
[    0.410942]   EFI remap 0x00000000396f0000 => 0000000020000000
[    0.410967]   EFI remap 0x0000000039740000 => 0000000020050000
[    0.411006]   EFI remap 0x0000000039830000 => 00000000200a0000
[    0.411035]   EFI remap 0x00000000398b0000 => 0000000020120000
[    0.411052]   EFI remap 0x0000000039900000 => 0000000020170000
[    0.411081]   EFI remap 0x0000000039940000 => 0000000020190000
[    0.411112]   EFI remap 0x0000000039990000 => 00000000201e0000
[    0.411136]   EFI remap 0x00000000399e0000 => 0000000020230000
[    0.411164]   EFI remap 0x0000000039a30000 => 0000000020280000
[    0.411191]   EFI remap 0x0000000039a80000 => 00000000202d0000
[    0.411219]   EFI remap 0x0000000039ad0000 => 0000000020320000
[    0.411248]   EFI remap 0x0000000039b20000 => 0000000020370000
[    0.411279]   EFI remap 0x0000000039b70000 => 00000000203c0000
[    0.411308]   EFI remap 0x0000000039bc0000 => 0000000020410000
[    0.411332]   EFI remap 0x0000000039c30000 => 0000000020480000
[    0.411357]   EFI remap 0x0000000039c80000 => 00000000204d0000
[    0.411382]   EFI remap 0x0000000039cd0000 => 0000000020520000
[    0.411407]   EFI remap 0x0000000039d20000 => 0000000020570000
[    0.411436]   EFI remap 0x0000000039d70000 => 00000000205c0000
[    0.411454]   EFI remap 0x000000003edb0000 => 0000000020610000
[    0.411466]   EFI remap 0x00000000602b0000 => 0000000020640000
[    0.411478]   EFI remap 0x0000000078000000 => 0000000020650000
[    0.411487]   EFI remap 0x00000000a4000000 => 0000000020800000
[    0.411502]   EFI remap 0x00000000a6000000 => 0000000021800000
[    0.411514]   EFI remap 0x00000000d00e0000 => 0000000021810000
[    0.411529]   EFI remap 0x00000000e1000000 => 0000000021820000
[    0.412703] smp: Bringing up secondary CPUs ...
[    0.415613] Detected PIPT I-cache on CPU1
[    0.415624] GICv3: CPU1: found redistributor 10001 region 1:0x000000004d140000
[    0.415662] CPU1: using LPI pending table @0x000000df6e5c0000
[    0.415778] arch_timer: CPU1: Trapping CNTVCT access
[    0.415782] CPU1: Booted secondary processor [410fd082]
[    0.418729] Detected PIPT I-cache on CPU2
[    0.418735] GICv3: CPU2: found redistributor 10002 region 2:0x000000004d180000
[    0.418775] CPU2: using LPI pending table @0x000000df6e5d0000
[    0.418877] arch_timer: CPU2: Trapping CNTVCT access
[    0.418880] CPU2: Booted secondary processor [410fd082]
[    0.421803] Detected PIPT I-cache on CPU3
[    0.421809] GICv3: CPU3: found redistributor 10003 region 3:0x000000004d1c0000
[    0.421850] CPU3: using LPI pending table @0x000000df6e5e0000
[    0.421952] arch_timer: CPU3: Trapping CNTVCT access
[    0.421955] CPU3: Booted secondary processor [410fd082]
[    0.424872] Detected PIPT I-cache on CPU4
[    0.424879] GICv3: CPU4: found redistributor 10100 region 4:0x000000004d200000
[    0.424919] CPU4: using LPI pending table @0x000000df6e5f0000
[    0.425022] arch_timer: CPU4: Trapping CNTVCT access
[    0.425024] CPU4: Booted secondary processor [410fd082]
[    0.427944] Detected PIPT I-cache on CPU5
[    0.427951] GICv3: CPU5: found redistributor 10101 region 5:0x000000004d240000
[    0.427973] CPU5: using LPI pending table @0x0000005f6e540000
[    0.428093] arch_timer: CPU5: Trapping CNTVCT access
[    0.428096] CPU5: Booted secondary processor [410fd082]
[    0.431003] Detected PIPT I-cache on CPU6
[    0.431009] GICv3: CPU6: found redistributor 10102 region 6:0x000000004d280000
[    0.431031] CPU6: using LPI pending table @0x0000005f6e550000
[    0.431151] arch_timer: CPU6: Trapping CNTVCT access
[    0.431153] CPU6: Booted secondary processor [410fd082]
[    0.434056] Detected PIPT I-cache on CPU7
[    0.434063] GICv3: CPU7: found redistributor 10103 region 7:0x000000004d2c0000
[    0.434085] CPU7: using LPI pending table @0x0000005f6e560000
[    0.434204] arch_timer: CPU7: Trapping CNTVCT access
[    0.434206] CPU7: Booted secondary processor [410fd082]
[    0.437135] Detected PIPT I-cache on CPU8
[    0.437143] GICv3: CPU8: found redistributor 10200 region 8:0x000000004d300000
[    0.437166] CPU8: using LPI pending table @0x0000005f6e570000
[    0.437287] arch_timer: CPU8: Trapping CNTVCT access
[    0.437290] CPU8: Booted secondary processor [410fd082]
[    0.440225] Detected PIPT I-cache on CPU9
[    0.440232] GICv3: CPU9: found redistributor 10201 region 9:0x000000004d340000
[    0.440255] CPU9: using LPI pending table @0x0000005f6e580000
[    0.440374] arch_timer: CPU9: Trapping CNTVCT access
[    0.440377] CPU9: Booted secondary processor [410fd082]
[    0.443299] Detected PIPT I-cache on CPU10
[    0.443305] GICv3: CPU10: found redistributor 10202 region 10:0x000000004d380000
[    0.443328] CPU10: using LPI pending table @0x0000005f6e590000
[    0.443447] arch_timer: CPU10: Trapping CNTVCT access
[    0.443449] CPU10: Booted secondary processor [410fd082]
[    0.446380] Detected PIPT I-cache on CPU11
[    0.446387] GICv3: CPU11: found redistributor 10203 region 11:0x000000004d3c0000
[    0.446409] CPU11: using LPI pending table @0x0000005f6e5a0000
[    0.446528] arch_timer: CPU11: Trapping CNTVCT access
[    0.446531] CPU11: Booted secondary processor [410fd082]
[    0.449450] Detected PIPT I-cache on CPU12
[    0.449458] GICv3: CPU12: found redistributor 10300 region 12:0x000000004d400000
[    0.449482] CPU12: using LPI pending table @0x0000005f6e5b0000
[    0.449603] arch_timer: CPU12: Trapping CNTVCT access
[    0.449605] CPU12: Booted secondary processor [410fd082]
[    0.452540] Detected PIPT I-cache on CPU13
[    0.452547] GICv3: CPU13: found redistributor 10301 region 13:0x000000004d440000
[    0.452570] CPU13: using LPI pending table @0x0000005f6e5c0000
[    0.452688] arch_timer: CPU13: Trapping CNTVCT access
[    0.452691] CPU13: Booted secondary processor [410fd082]
[    0.455609] Detected PIPT I-cache on CPU14
[    0.455617] GICv3: CPU14: found redistributor 10302 region 14:0x000000004d480000
[    0.455640] CPU14: using LPI pending table @0x0000005f6e5d0000
[    0.455760] arch_timer: CPU14: Trapping CNTVCT access
[    0.455763] CPU14: Booted secondary processor [410fd082]
[    0.458678] Detected PIPT I-cache on CPU15
[    0.458685] GICv3: CPU15: found redistributor 10303 region 15:0x000000004d4c0000
[    0.458708] CPU15: using LPI pending table @0x0000005f6e5e0000
[    0.458826] arch_timer: CPU15: Trapping CNTVCT access
[    0.458829] CPU15: Booted secondary processor [410fd082]
[    0.461814] Detected PIPT I-cache on CPU16
[    0.461825] GICv3: CPU16: found redistributor 30000 region 16:0x000000006d100000
[    0.461844] CPU16: using LPI pending table @0x0000005f6e610000
[    0.461967] arch_timer: CPU16: Trapping CNTVCT access
[    0.461970] CPU16: Booted secondary processor [410fd082]
[    0.465002] Detected PIPT I-cache on CPU17
[    0.465011] GICv3: CPU17: found redistributor 30001 region 17:0x000000006d140000
[    0.465029] CPU17: using LPI pending table @0x0000005f6e680000
[    0.465151] arch_timer: CPU17: Trapping CNTVCT access
[    0.465153] CPU17: Booted secondary processor [410fd082]
[    0.468135] Detected PIPT I-cache on CPU18
[    0.468144] GICv3: CPU18: found redistributor 30002 region 18:0x000000006d180000
[    0.468161] CPU18: using LPI pending table @0x0000005f6e6d0000
[    0.468283] arch_timer: CPU18: Trapping CNTVCT access
[    0.468286] CPU18: Booted secondary processor [410fd082]
[    0.471258] Detected PIPT I-cache on CPU19
[    0.471267] GICv3: CPU19: found redistributor 30003 region 19:0x000000006d1c0000
[    0.471285] CPU19: using LPI pending table @0x0000005f6e700000
[    0.471407] arch_timer: CPU19: Trapping CNTVCT access
[    0.471410] CPU19: Booted secondary processor [410fd082]
[    0.474385] Detected PIPT I-cache on CPU20
[    0.474397] GICv3: CPU20: found redistributor 30100 region 20:0x000000006d200000
[    0.474416] CPU20: using LPI pending table @0x0000005f6e720000
[    0.474540] arch_timer: CPU20: Trapping CNTVCT access
[    0.474543] CPU20: Booted secondary processor [410fd082]
[    0.477537] Detected PIPT I-cache on CPU21
[    0.477546] GICv3: CPU21: found redistributor 30101 region 21:0x000000006d240000
[    0.477563] CPU21: using LPI pending table @0x0000005f6e770000
[    0.477685] arch_timer: CPU21: Trapping CNTVCT access
[    0.477687] CPU21: Booted secondary processor [410fd082]
[    0.480667] Detected PIPT I-cache on CPU22
[    0.480676] GICv3: CPU22: found redistributor 30102 region 22:0x000000006d280000
[    0.480693] CPU22: using LPI pending table @0x0000005f6e7a0000
[    0.480815] arch_timer: CPU22: Trapping CNTVCT access
[    0.480818] CPU22: Booted secondary processor [410fd082]
[    0.483799] Detected PIPT I-cache on CPU23
[    0.483808] GICv3: CPU23: found redistributor 30103 region 23:0x000000006d2c0000
[    0.483825] CPU23: using LPI pending table @0x0000005f6e7d0000
[    0.483948] arch_timer: CPU23: Trapping CNTVCT access
[    0.483950] CPU23: Booted secondary processor [410fd082]
[    0.486934] Detected PIPT I-cache on CPU24
[    0.486946] GICv3: CPU24: found redistributor 30200 region 24:0x000000006d300000
[    0.486965] CPU24: using LPI pending table @0x0000005f6e820000
[    0.487088] arch_timer: CPU24: Trapping CNTVCT access
[    0.487091] CPU24: Booted secondary processor [410fd082]
[    0.490085] Detected PIPT I-cache on CPU25
[    0.490095] GICv3: CPU25: found redistributor 30201 region 25:0x000000006d340000
[    0.490113] CPU25: using LPI pending table @0x0000005f6e850000
[    0.490236] arch_timer: CPU25: Trapping CNTVCT access
[    0.490238] CPU25: Booted secondary processor [410fd082]
[    0.493211] Detected PIPT I-cache on CPU26
[    0.493220] GICv3: CPU26: found redistributor 30202 region 26:0x000000006d380000
[    0.493239] CPU26: using LPI pending table @0x0000005f6e880000
[    0.493361] arch_timer: CPU26: Trapping CNTVCT access
[    0.493363] CPU26: Booted secondary processor [410fd082]
[    0.496340] Detected PIPT I-cache on CPU27
[    0.496350] GICv3: CPU27: found redistributor 30203 region 27:0x000000006d3c0000
[    0.496395] CPU27: using LPI pending table @0x000000df6e600000
[    0.496533] arch_timer: CPU27: Trapping CNTVCT access
[    0.496535] CPU27: Booted secondary processor [410fd082]
[    0.499522] Detected PIPT I-cache on CPU28
[    0.499534] GICv3: CPU28: found redistributor 30300 region 28:0x000000006d400000
[    0.499578] CPU28: using LPI pending table @0x000000df6e610000
[    0.499718] arch_timer: CPU28: Trapping CNTVCT access
[    0.499722] CPU28: Booted secondary processor [410fd082]
[    0.502713] Detected PIPT I-cache on CPU29
[    0.502723] GICv3: CPU29: found redistributor 30301 region 29:0x000000006d440000
[    0.502767] CPU29: using LPI pending table @0x000000df6e620000
[    0.502906] arch_timer: CPU29: Trapping CNTVCT access
[    0.502909] CPU29: Booted secondary processor [410fd082]
[    0.505892] Detected PIPT I-cache on CPU30
[    0.505902] GICv3: CPU30: found redistributor 30302 region 30:0x000000006d480000
[    0.505921] CPU30: using LPI pending table @0x0000005f6e920000
[    0.506042] arch_timer: CPU30: Trapping CNTVCT access
[    0.506045] CPU30: Booted secondary processor [410fd082]
[    0.509014] Detected PIPT I-cache on CPU31
[    0.509024] GICv3: CPU31: found redistributor 30303 region 31:0x000000006d4c0000
[    0.509042] CPU31: using LPI pending table @0x0000005f6e970000
[    0.509164] arch_timer: CPU31: Trapping CNTVCT access
[    0.509167] CPU31: Booted secondary processor [410fd082]
[    0.512457] Detected PIPT I-cache on CPU32
[    0.512495] GICv3: CPU32: found redistributor 50000 region 32:0x000004004d100000
[    0.512526] CPU32: using LPI pending table @0x000000df6e630000
[    0.512687] arch_timer: CPU32: Trapping CNTVCT access
[    0.512693] CPU32: Booted secondary processor [410fd082]
[    0.516172] Detected PIPT I-cache on CPU33
[    0.516196] GICv3: CPU33: found redistributor 50001 region 33:0x000004004d140000
[    0.516219] CPU33: using LPI pending table @0x000000df6e640000
[    0.516341] arch_timer: CPU33: Trapping CNTVCT access
[    0.516344] CPU33: Booted secondary processor [410fd082]
[    0.519655] Detected PIPT I-cache on CPU34
[    0.519678] GICv3: CPU34: found redistributor 50002 region 34:0x000004004d180000
[    0.519702] CPU34: using LPI pending table @0x000000df6e650000
[    0.519826] arch_timer: CPU34: Trapping CNTVCT access
[    0.519829] CPU34: Booted secondary processor [410fd082]
[    0.523137] Detected PIPT I-cache on CPU35
[    0.523160] GICv3: CPU35: found redistributor 50003 region 35:0x000004004d1c0000
[    0.523200] CPU35: using LPI pending table @0x0000005f6e980000
[    0.523303] arch_timer: CPU35: Trapping CNTVCT access
[    0.523306] CPU35: Booted secondary processor [410fd082]
[    0.526607] Detected PIPT I-cache on CPU36
[    0.526631] GICv3: CPU36: found redistributor 50100 region 36:0x000004004d200000
[    0.526671] CPU36: using LPI pending table @0x0000005f6e990000
[    0.526778] arch_timer: CPU36: Trapping CNTVCT access
[    0.526780] CPU36: Booted secondary processor [410fd082]
[    0.530091] Detected PIPT I-cache on CPU37
[    0.530114] GICv3: CPU37: found redistributor 50101 region 37:0x000004004d240000
[    0.530154] CPU37: using LPI pending table @0x0000005f6e9a0000
[    0.530258] arch_timer: CPU37: Trapping CNTVCT access
[    0.530261] CPU37: Booted secondary processor [410fd082]
[    0.533570] Detected PIPT I-cache on CPU38
[    0.533592] GICv3: CPU38: found redistributor 50102 region 38:0x000004004d280000
[    0.533632] CPU38: using LPI pending table @0x0000005f6e9b0000
[    0.533734] arch_timer: CPU38: Trapping CNTVCT access
[    0.533737] CPU38: Booted secondary processor [410fd082]
[    0.537035] Detected PIPT I-cache on CPU39
[    0.537058] GICv3: CPU39: found redistributor 50103 region 39:0x000004004d2c0000
[    0.537099] CPU39: using LPI pending table @0x0000005f6e9c0000
[    0.537202] arch_timer: CPU39: Trapping CNTVCT access
[    0.537204] CPU39: Booted secondary processor [410fd082]
[    0.540513] Detected PIPT I-cache on CPU40
[    0.540537] GICv3: CPU40: found redistributor 50200 region 40:0x000004004d300000
[    0.540579] CPU40: using LPI pending table @0x0000005f6e9d0000
[    0.540684] arch_timer: CPU40: Trapping CNTVCT access
[    0.540686] CPU40: Booted secondary processor [410fd082]
[    0.543999] Detected PIPT I-cache on CPU41
[    0.544022] GICv3: CPU41: found redistributor 50201 region 41:0x000004004d340000
[    0.544063] CPU41: using LPI pending table @0x0000005f6e9e0000
[    0.544167] arch_timer: CPU41: Trapping CNTVCT access
[    0.544170] CPU41: Booted secondary processor [410fd082]
[    0.547473] Detected PIPT I-cache on CPU42
[    0.547496] GICv3: CPU42: found redistributor 50202 region 42:0x000004004d380000
[    0.547536] CPU42: using LPI pending table @0x0000005f6e9f0000
[    0.547642] arch_timer: CPU42: Trapping CNTVCT access
[    0.547645] CPU42: Booted secondary processor [410fd082]
[    0.550959] Detected PIPT I-cache on CPU43
[    0.550982] GICv3: CPU43: found redistributor 50203 region 43:0x000004004d3c0000
[    0.551006] CPU43: using LPI pending table @0x000000df6e660000
[    0.551126] arch_timer: CPU43: Trapping CNTVCT access
[    0.551129] CPU43: Booted secondary processor [410fd082]
[    0.554448] Detected PIPT I-cache on CPU44
[    0.554473] GICv3: CPU44: found redistributor 50300 region 44:0x000004004d400000
[    0.554497] CPU44: using LPI pending table @0x000000df6e670000
[    0.554622] arch_timer: CPU44: Trapping CNTVCT access
[    0.554625] CPU44: Booted secondary processor [410fd082]
[    0.557935] Detected PIPT I-cache on CPU45
[    0.557958] GICv3: CPU45: found redistributor 50301 region 45:0x000004004d440000
[    0.557983] CPU45: using LPI pending table @0x000000df6e680000
[    0.558103] arch_timer: CPU45: Trapping CNTVCT access
[    0.558106] CPU45: Booted secondary processor [410fd082]
[    0.561430] Detected PIPT I-cache on CPU46
[    0.561454] GICv3: CPU46: found redistributor 50302 region 46:0x000004004d480000
[    0.561478] CPU46: using LPI pending table @0x000000df6e690000
[    0.561602] arch_timer: CPU46: Trapping CNTVCT access
[    0.561604] CPU46: Booted secondary processor [410fd082]
[    0.564900] Detected PIPT I-cache on CPU47
[    0.564924] GICv3: CPU47: found redistributor 50303 region 47:0x000004004d4c0000
[    0.564948] CPU47: using LPI pending table @0x000000df6e6a0000
[    0.565068] arch_timer: CPU47: Trapping CNTVCT access
[    0.565071] CPU47: Booted secondary processor [410fd082]
[    0.568399] Detected PIPT I-cache on CPU48
[    0.568428] GICv3: CPU48: found redistributor 70000 region 48:0x000004006d100000
[    0.568448] CPU48: using LPI pending table @0x000000df6e6d0000
[    0.568573] arch_timer: CPU48: Trapping CNTVCT access
[    0.568576] CPU48: Booted secondary processor [410fd082]
[    0.571985] Detected PIPT I-cache on CPU49
[    0.572012] GICv3: CPU49: found redistributor 70001 region 49:0x000004006d140000
[    0.572030] CPU49: using LPI pending table @0x000000df6e740000
[    0.572153] arch_timer: CPU49: Trapping CNTVCT access
[    0.572155] CPU49: Booted secondary processor [410fd082]
[    0.575491] Detected PIPT I-cache on CPU50
[    0.575517] GICv3: CPU50: found redistributor 70002 region 50:0x000004006d180000
[    0.575537] CPU50: using LPI pending table @0x000000df6e790000
[    0.575661] arch_timer: CPU50: Trapping CNTVCT access
[    0.575663] CPU50: Booted secondary processor [410fd082]
[    0.578984] Detected PIPT I-cache on CPU51
[    0.579011] GICv3: CPU51: found redistributor 70003 region 51:0x000004006d1c0000
[    0.579031] CPU51: using LPI pending table @0x000000df6e7c0000
[    0.579153] arch_timer: CPU51: Trapping CNTVCT access
[    0.579155] CPU51: Booted secondary processor [410fd082]
[    0.582478] Detected PIPT I-cache on CPU52
[    0.582508] GICv3: CPU52: found redistributor 70100 region 52:0x000004006d200000
[    0.582527] CPU52: using LPI pending table @0x000000df6e7e0000
[    0.582652] arch_timer: CPU52: Trapping CNTVCT access
[    0.582655] CPU52: Booted secondary processor [410fd082]
[    0.585992] Detected PIPT I-cache on CPU53
[    0.586019] GICv3: CPU53: found redistributor 70101 region 53:0x000004006d240000
[    0.586038] CPU53: using LPI pending table @0x000000df6e830000
[    0.586160] arch_timer: CPU53: Trapping CNTVCT access
[    0.586163] CPU53: Booted secondary processor [410fd082]
[    0.589487] Detected PIPT I-cache on CPU54
[    0.589515] GICv3: CPU54: found redistributor 70102 region 54:0x000004006d280000
[    0.589534] CPU54: using LPI pending table @0x000000df6e860000
[    0.589658] arch_timer: CPU54: Trapping CNTVCT access
[    0.589661] CPU54: Booted secondary processor [410fd082]
[    0.592983] Detected PIPT I-cache on CPU55
[    0.593010] GICv3: CPU55: found redistributor 70103 region 55:0x000004006d2c0000
[    0.593029] CPU55: using LPI pending table @0x000000df6e890000
[    0.593151] arch_timer: CPU55: Trapping CNTVCT access
[    0.593154] CPU55: Booted secondary processor [410fd082]
[    0.596487] Detected PIPT I-cache on CPU56
[    0.596517] GICv3: CPU56: found redistributor 70200 region 56:0x000004006d300000
[    0.596538] CPU56: using LPI pending table @0x000000df6e8e0000
[    0.596663] arch_timer: CPU56: Trapping CNTVCT access
[    0.596666] CPU56: Booted secondary processor [410fd082]
[    0.600011] Detected PIPT I-cache on CPU57
[    0.600039] GICv3: CPU57: found redistributor 70201 region 57:0x000004006d340000
[    0.600058] CPU57: using LPI pending table @0x000000df6e910000
[    0.600179] arch_timer: CPU57: Trapping CNTVCT access
[    0.600182] CPU57: Booted secondary processor [410fd082]
[    0.603494] Detected PIPT I-cache on CPU58
[    0.603522] GICv3: CPU58: found redistributor 70202 region 58:0x000004006d380000
[    0.603542] CPU58: using LPI pending table @0x000000df6e940000
[    0.603667] arch_timer: CPU58: Trapping CNTVCT access
[    0.603670] CPU58: Booted secondary processor [410fd082]
[    0.606992] Detected PIPT I-cache on CPU59
[    0.607020] GICv3: CPU59: found redistributor 70203 region 59:0x000004006d3c0000
[    0.607066] CPU59: using LPI pending table @0x0000005f6ea00000
[    0.607206] arch_timer: CPU59: Trapping CNTVCT access
[    0.607209] CPU59: Booted secondary processor [410fd082]
[    0.610539] Detected PIPT I-cache on CPU60
[    0.610570] GICv3: CPU60: found redistributor 70300 region 60:0x000004006d400000
[    0.610616] CPU60: using LPI pending table @0x0000005f6ea10000
[    0.610760] arch_timer: CPU60: Trapping CNTVCT access
[    0.610763] CPU60: Booted secondary processor [410fd082]
[    0.614096] Detected PIPT I-cache on CPU61
[    0.614124] GICv3: CPU61: found redistributor 70301 region 61:0x000004006d440000
[    0.614169] CPU61: using LPI pending table @0x0000005f6ea20000
[    0.614312] arch_timer: CPU61: Trapping CNTVCT access
[    0.614314] CPU61: Booted secondary processor [410fd082]
[    0.617641] Detected PIPT I-cache on CPU62
[    0.617669] GICv3: CPU62: found redistributor 70302 region 62:0x000004006d480000
[    0.617690] CPU62: using LPI pending table @0x000000df6e9e0000
[    0.617813] arch_timer: CPU62: Trapping CNTVCT access
[    0.617816] CPU62: Booted secondary processor [410fd082]
[    0.621132] Detected PIPT I-cache on CPU63
[    0.621160] GICv3: CPU63: found redistributor 70303 region 63:0x000004006d4c0000
[    0.621180] CPU63: using LPI pending table @0x000000df6ea30000
[    0.621301] arch_timer: CPU63: Trapping CNTVCT access
[    0.621304] CPU63: Booted secondary processor [410fd082]
[    0.621371] smp: Brought up 4 nodes, 64 CPUs
[    0.622640] SMP: Total of 64 processors activated.
[    0.622646] CPU features: detected feature: GIC system register CPU interface
[    0.622652] CPU features: detected feature: 32-bit EL0 Support
[    0.622924] CPU: All CPU(s) started at EL2
[    0.694697] devtmpfs: initialized
[    0.694838] evm: security.selinux
[    0.694843] evm: security.SMACK64
[    0.694847] evm: security.SMACK64EXEC
[    0.694852] evm: security.SMACK64TRANSMUTE
[    0.694856] evm: security.SMACK64MMAP
[    0.694860] evm: security.ima
[    0.694864] evm: security.capability
[    0.694982] SMBIOS 3.0.0 present.
[    0.694990] DMI: Huawei TaiShan 2280 /BC11SPCD, BIOS 1.29 07/17/2017
[    0.695244] clocksource: jiffies: mask: 0xffffffff max_cycles: 0xffffffff, max_idle_ns: 7645041785100000 ns
[    0.695539] futex hash table entries: 16384 (order: 9, 2097152 bytes)
[    0.696143] pinctrl core: initialized pinctrl subsystem
[    0.696436] NET: Registered protocol family 16
[    0.710337] cpuidle: using governor ladder
[    0.722344] cpuidle: using governor menu
[    0.722380] PCCT header not found.
[    0.722400] vdso: 2 pages (1 code @ ffff000008a27000, 1 data @ ffff000009204000)
[    0.722439] hw-breakpoint: found 6 breakpoint and 4 watchpoint registers.
[    0.723210] DMA: preallocated 256 KiB pool for atomic allocations
[    0.723243] ACPI: bus type PCI registered
[    0.723248] acpiphp: ACPI Hot Plug PCI Controller Driver version: 0.5
[    0.723295] Serial: AMBA PL011 UART driver
[    0.742683] HugeTLB registered 2 MB page size, pre-allocated 0 pages
[    0.743633] ACPI: Added _OSI(Module Device)
[    0.743639] ACPI: Added _OSI(Processor Device)
[    0.743644] ACPI: Added _OSI(3.0 _SCP Extensions)
[    0.743649] ACPI: Added _OSI(Processor Aggregator Device)
[    0.746303] ACPI: Interpreter enabled
[    0.746309] ACPI: Using GIC for interrupt routing
[    0.746326] ACPI: MCFG table detected, 8 entries
[    0.753971] acpi HISI1031:00: _SRS 64IO: [0x2f8 - 0x2ff] len = 0x8
[    0.754027] acpi IPI0001:00: _SRS 64IO: [0xe4 - 0xe7] len = 0x4
[    0.754080] acpi IPI0002:00: _SRS 64IO: [0xe4 - 0xe7] len = 0x4
[    0.754117] platform HISI0191:00: hisilpc notifier processes OK!
[    0.754137] hisi_lpc HISI0191:00: probing...
[    0.754147] hisi_lpc HISI0191:00: hslpc end probing. range[0x0000000000000000 - sz:0x0000000000000400]
[    0.771817] ACPI: PCI Root Bridge [PCI2] (domain 0002 [bus e8-ef])
[    0.771828] acpi PNP0A08:00: _OSC: OS supports [ExtendedConfig ASPM ClockPM Segments MSI]
[    0.771953] acpi PNP0A08:00: _OSC: platform does not support [PCIeHotplug PME AER]
[    0.772067] acpi PNP0A08:00: _OSC: OS now controls [PCIeCapability]
[    0.772088] acpi PNP0A08:00: MCFG quirk: ECAM at [mem 0xbe800000-0xbeffffff] for [bus e8-ef] with hisi_pcie_ops
[    0.772674] acpi PNP0A08:00: ECAM area [mem 0xbe800000-0xbeffffff] reserved by PNP0C02:00
[    0.773072] acpi PNP0A08:00: ECAM at [mem 0xbe800000-0xbeffffff] for [bus e8-ef]
[    0.773105] Remapped I/O 0x00000000bfff0000 to [io  0x1000-0x10fff window]
[    0.773160] PCI host bridge to bus 0002:e8
[    0.773166] pci_bus 0002:e8: root bus resource [mem 0xb0000000-0xbe7fffff window]
[    0.773176] pci_bus 0002:e8: root bus resource [io  0x1000-0x10fff window] (bus address [0x0000-0xffff])
[    0.773184] pci_bus 0002:e8: root bus resource [bus e8-ef]
[    0.773197] pci 0002:e8:00.0: [19e5:1610] type 01 class 0x060400
[    0.773204] pci_bus 0002:e8: 2-byte config write to 0002:e8:00.0 offset 0x4 may corrupt adjacent RW1C bits
[    0.773216] pci_bus 0002:e8: 2-byte config write to 0002:e8:00.0 offset 0x4 may corrupt adjacent RW1C bits
[    0.773225] pci 0002:e8:00.0: reg 0x10: [mem 0x00000000-0x0000ffff]
[    0.773227] pci_bus 0002:e8: 2-byte config write to 0002:e8:00.0 offset 0x4 may corrupt adjacent RW1C bits
[    0.773238] pci_bus 0002:e8: 2-byte config write to 0002:e8:00.0 offset 0x4 may corrupt adjacent RW1C bits
[    0.773247] pci_bus 0002:e8: 2-byte config write to 0002:e8:00.0 offset 0x4 may corrupt adjacent RW1C bits
[    0.773257] pci_bus 0002:e8: 2-byte config write to 0002:e8:00.0 offset 0x4 may corrupt adjacent RW1C bits
[    0.773276] pci_bus 0002:e8: 2-byte config write to 0002:e8:00.0 offset 0x52 may corrupt adjacent RW1C bits
[    0.773297] pci 0002:e8:00.0: supports D1 D2
[    0.773299] pci 0002:e8:00.0: PME# supported from D0 D1 D3hot
[    0.773302] pci_bus 0002:e8: 2-byte config write to 0002:e8:00.0 offset 0x44 may corrupt adjacent RW1C bits
[    0.773379] pci_bus 0002:e8: 2-byte config write to 0002:e8:00.0 offset 0x3e may corrupt adjacent RW1C bits
[    0.773427] pci 0002:e9:00.0: [19e5:0123] type 00 class 0x010802
[    0.773440] pci 0002:e9:00.0: reg 0x10: [mem 0xb0000000-0xb003ffff 64bit]
[    0.773466] pci 0002:e9:00.0: reg 0x30: [mem 0xfffe0000-0xffffffff pref]
[    0.773506] pci 0002:e9:00.0: supports D1 D2
[    0.773507] pci 0002:e9:00.0: PME# supported from D3hot
[    0.773518] pci_bus 0002:e8: 2-byte config write to 0002:e8:00.0 offset 0x98 may corrupt adjacent RW1C bits
[    0.773590] pci 0002:e9:00.0: disabling ASPM on pre-1.1 PCIe device.  You can enable it with 'pcie_aspm=force'
[    0.773614] pci 0002:e8:00.0: BAR 14: assigned [mem 0xb0000000-0xb00fffff]
[    0.773621] pci 0002:e8:00.0: BAR 0: assigned [mem 0xb0100000-0xb010ffff]
[    0.773629] pci 0002:e9:00.0: BAR 0: assigned [mem 0xb0000000-0xb003ffff 64bit]
[    0.773642] pci 0002:e9:00.0: BAR 6: assigned [mem 0xb0040000-0xb005ffff pref]
[    0.773650] pci 0002:e8:00.0: PCI bridge to [bus e9]
[    0.773657] pci 0002:e8:00.0:   bridge window [mem 0xb0000000-0xb00fffff]
[    0.773735] ACPI: PCI Root Bridge [PCI4] (domain 0004 [bus 48-4f])
[    0.773744] acpi PNP0A08:01: _OSC: OS supports [ExtendedConfig ASPM ClockPM Segments MSI]
[    0.773864] acpi PNP0A08:01: _OSC: platform does not support [PCIeHotplug PME AER]
[    0.773976] acpi PNP0A08:01: _OSC: OS now controls [PCIeCapability]
[    0.773989] acpi PNP0A08:01: MCFG quirk: ECAM at [mem 0x7c4800000-0x7c4ffffff] for [bus 48-4f] with hisi_pcie_ops
[    0.774841] acpi PNP0A08:01: ECAM area [mem 0x7c4800000-0x7c4ffffff] reserved by PNP0C02:01
[    0.775274] acpi PNP0A08:01: ECAM at [mem 0x7c4800000-0x7c4ffffff] for [bus 48-4f]
[    0.775307] Remapped I/O 0x00000007ffff0000 to [io  0x11000-0x20fff window]
[    0.775366] PCI host bridge to bus 0004:48
[    0.775373] pci_bus 0004:48: root bus resource [mem 0x7c5000000-0x7fffeffff window] (bus address [0xc5000000-0xfffeffff])
[    0.775383] pci_bus 0004:48: root bus resource [io  0x11000-0x20fff window] (bus address [0x0000-0xffff])
[    0.775391] pci_bus 0004:48: root bus resource [bus 48-4f]
[    0.775403] pci 0004:48:00.0: [19e5:1610] type 01 class 0x060400
[    0.775411] pci 0004:48:00.0: reg 0x10: [mem 0x00000000-0x0000ffff]
[    0.775442] pci 0004:48:00.0: supports D1 D2
[    0.775444] pci 0004:48:00.0: PME# supported from D0 D1 D3hot
[    0.775557] pci 0004:49:00.0: [1000:0097] type 00 class 0x010700
[    0.775567] pci 0004:49:00.0: reg 0x10: [io  0x11000-0x110ff]
[    0.775575] pci 0004:49:00.0: reg 0x14: [mem 0x7c5040000-0x7c504ffff 64bit]
[    0.775584] pci 0004:49:00.0: reg 0x1c: [mem 0x7c5000000-0x7c503ffff 64bit]
[    0.775594] pci 0004:49:00.0: reg 0x30: [mem 0xfff00000-0xffffffff pref]
[    0.775679] pci 0004:49:00.0: supports D1 D2
[    0.775766] pci 0004:48:00.0: BAR 14: assigned [mem 0x7c5000000-0x7c51fffff]
[    0.775773] pci 0004:48:00.0: BAR 0: assigned [mem 0x7c5200000-0x7c520ffff]
[    0.775780] pci 0004:48:00.0: BAR 13: assigned [io  0x11000-0x11fff]
[    0.775787] pci 0004:49:00.0: BAR 6: assigned [mem 0x7c5000000-0x7c50fffff pref]
[    0.775795] pci 0004:49:00.0: BAR 3: assigned [mem 0x7c5100000-0x7c513ffff 64bit]
[    0.775808] pci 0004:49:00.0: BAR 1: assigned [mem 0x7c5140000-0x7c514ffff 64bit]
[    0.775820] pci 0004:49:00.0: BAR 0: assigned [io  0x11000-0x110ff]
[    0.775828] pci 0004:48:00.0: PCI bridge to [bus 49]
[    0.775833] pci 0004:48:00.0:   bridge window [io  0x11000-0x11fff]
[    0.775840] pci 0004:48:00.0:   bridge window [mem 0x7c5000000-0x7c51fffff]
[    0.775923] ACPI: PCI Root Bridge [PCI5] (domain 0005 [bus 00-07])
[    0.775931] acpi PNP0A08:02: _OSC: OS supports [ExtendedConfig ASPM ClockPM Segments MSI]
[    0.776052] acpi PNP0A08:02: _OSC: platform does not support [PCIeHotplug PME AER]
[    0.776163] acpi PNP0A08:02: _OSC: OS now controls [PCIeCapability]
[    0.776176] acpi PNP0A08:02: MCFG quirk: ECAM at [mem 0x400000000-0x4007fffff] for [bus 00-07] with hisi_pcie_ops
[    0.777013] acpi PNP0A08:02: ECAM area [mem 0x400000000-0x4007fffff] reserved by PNP0C02:01
[    0.777474] acpi PNP0A08:02: ECAM at [mem 0x400000000-0x4007fffff] for [bus 00-07]
[    0.777503] Remapped I/O 0x00000006ffff0000 to [io  0x21000-0x30fff window]
[    0.777559] PCI host bridge to bus 0005:00
[    0.777566] pci_bus 0005:00: root bus resource [mem 0x440000000-0x4ffffffff window] (bus address [0x40000000-0xffffffff])
[    0.777576] pci_bus 0005:00: root bus resource [io  0x21000-0x30fff window] (bus address [0x0000-0xffff])
[    0.777584] pci_bus 0005:00: root bus resource [bus 00-07]
[    0.777597] pci 0005:00:00.0: [19e5:1610] type 01 class 0x060400
[    0.777606] pci 0005:00:00.0: reg 0x10: [mem 0x00000000-0x00000fff]
[    0.777640] pci 0005:00:00.0: supports D1 D2
[    0.777642] pci 0005:00:00.0: PME# supported from D0 D1 D3hot
[    0.777756] pci 0005:01:00.0: [8086:10fb] type 00 class 0x020000
[    0.777771] pci 0005:01:00.0: reg 0x10: [mem 0x440480000-0x4404fffff 64bit pref]
[    0.777776] pci 0005:01:00.0: reg 0x18: [io  0x21000-0x2101f]
[    0.777790] pci 0005:01:00.0: reg 0x20: [mem 0x440504000-0x440507fff 64bit pref]
[    0.777845] pci 0005:01:00.0: PME# supported from D0 D3hot
[    0.777874] pci 0005:01:00.0: reg 0x184: [mem 0x440000000-0x440003fff 64bit]
[    0.777876] pci 0005:01:00.0: VF(n) BAR0 space: [mem 0x440000000-0x4400fffff 64bit] (contains BAR0 for 64 VFs)
[    0.777897] pci 0005:01:00.0: reg 0x190: [mem 0x440100000-0x440103fff 64bit]
[    0.777899] pci 0005:01:00.0: VF(n) BAR3 space: [mem 0x440100000-0x4401fffff 64bit] (contains BAR3 for 64 VFs)
[    0.778163] pci 0005:01:00.1: [8086:10fb] type 00 class 0x020000
[    0.778177] pci 0005:01:00.1: reg 0x10: [mem 0x440400000-0x44047ffff 64bit pref]
[    0.778182] pci 0005:01:00.1: reg 0x18: [io  0x21000-0x2101f]
[    0.778195] pci 0005:01:00.1: reg 0x20: [mem 0x440500000-0x440503fff 64bit pref]
[    0.778251] pci 0005:01:00.1: PME# supported from D0 D3hot
[    0.778275] pci 0005:01:00.1: reg 0x184: [mem 0x440200000-0x440203fff 64bit]
[    0.778277] pci 0005:01:00.1: VF(n) BAR0 space: [mem 0x440200000-0x4402fffff 64bit] (contains BAR0 for 64 VFs)
[    0.778297] pci 0005:01:00.1: reg 0x190: [mem 0x440300000-0x440303fff 64bit]
[    0.778299] pci 0005:01:00.1: VF(n) BAR3 space: [mem 0x440300000-0x4403fffff 64bit] (contains BAR3 for 64 VFs)
[    0.778564] pci 0005:00:00.0: BAR 14: assigned [mem 0x440000000-0x4403fffff]
[    0.778572] pci 0005:00:00.0: BAR 15: assigned [mem 0x440400000-0x4405fffff 64bit pref]
[    0.778580] pci 0005:00:00.0: BAR 0: assigned [mem 0x440600000-0x440600fff]
[    0.778587] pci 0005:00:00.0: BAR 13: assigned [io  0x21000-0x21fff]
[    0.778595] pci 0005:01:00.0: BAR 0: assigned [mem 0x440400000-0x44047ffff 64bit pref]
[    0.778609] pci 0005:01:00.1: BAR 0: assigned [mem 0x440480000-0x4404fffff 64bit pref]
[    0.778623] pci 0005:01:00.0: BAR 4: assigned [mem 0x440500000-0x440503fff 64bit pref]
[    0.778637] pci 0005:01:00.0: BAR 7: assigned [mem 0x440000000-0x4400fffff 64bit]
[    0.778647] pci 0005:01:00.0: BAR 10: assigned [mem 0x440100000-0x4401fffff 64bit]
[    0.778657] pci 0005:01:00.1: BAR 4: assigned [mem 0x440504000-0x440507fff 64bit pref]
[    0.778671] pci 0005:01:00.1: BAR 7: assigned [mem 0x440200000-0x4402fffff 64bit]
[    0.778681] pci 0005:01:00.1: BAR 10: assigned [mem 0x440300000-0x4403fffff 64bit]
[    0.778691] pci 0005:01:00.0: BAR 2: assigned [io  0x21000-0x2101f]
[    0.778699] pci 0005:01:00.1: BAR 2: assigned [io  0x21020-0x2103f]
[    0.778707] pci 0005:00:00.0: PCI bridge to [bus 01-02]
[    0.778712] pci 0005:00:00.0:   bridge window [io  0x21000-0x21fff]
[    0.778720] pci 0005:00:00.0:   bridge window [mem 0x440000000-0x4403fffff]
[    0.778726] pci 0005:00:00.0:   bridge window [mem 0x440400000-0x4405fffff 64bit pref]
[    0.778811] ACPI: PCI Root Bridge [PCI6] (domain 0006 [bus 08-0f])
[    0.778820] acpi PNP0A08:03: _OSC: OS supports [ExtendedConfig ASPM ClockPM Segments MSI]
[    0.778941] acpi PNP0A08:03: _OSC: platform does not support [PCIeHotplug PME AER]
[    0.779053] acpi PNP0A08:03: _OSC: OS now controls [PCIeCapability]
[    0.779066] acpi PNP0A08:03: MCFG quirk: ECAM at [mem 0x740800000-0x740ffffff] for [bus 08-0f] with hisi_pcie_ops
[    0.779907] acpi PNP0A08:03: ECAM area [mem 0x740800000-0x740ffffff] reserved by PNP0C02:01
[    0.780403] acpi PNP0A08:03: ECAM at [mem 0x740800000-0x740ffffff] for [bus 08-0f]
[    0.780432] Remapped I/O 0x000000077fff0000 to [io  0x31000-0x40fff window]
[    0.780485] PCI host bridge to bus 0006:08
[    0.780492] pci_bus 0006:08: root bus resource [mem 0x741000000-0x77ffeffff window] (bus address [0x41000000-0x7ffeffff])
[    0.780501] pci_bus 0006:08: root bus resource [io  0x31000-0x40fff window] (bus address [0x0000-0xffff])
[    0.780509] pci_bus 0006:08: root bus resource [bus 08-0f]
[    0.780522] pci 0006:08:00.0: [19e5:1610] type 01 class 0x060400
[    0.780531] pci 0006:08:00.0: reg 0x10: [mem 0x00000000-0x0000ffff]
[    0.780564] pci 0006:08:00.0: supports D1 D2
[    0.780566] pci 0006:08:00.0: PME# supported from D0 D1 D3hot
[    0.831882] pci 0006:08:00.0: BAR 0: assigned [mem 0x741000000-0x74100ffff]
[    0.831890] pci 0006:08:00.0: PCI bridge to [bus 09]
[    0.831973] ACPI: PCI Root Bridge [PCI7] (domain 0007 [bus 40-47])
[    0.831981] acpi PNP0A08:04: _OSC: OS supports [ExtendedConfig ASPM ClockPM Segments MSI]
[    0.832101] acpi PNP0A08:04: _OSC: platform does not support [PCIeHotplug PME AER]
[    0.832212] acpi PNP0A08:04: _OSC: OS now controls [PCIeCapability]
[    0.832224] acpi PNP0A08:04: MCFG quirk: ECAM at [mem 0x784000000-0x7847fffff] for [bus 40-47] with hisi_pcie_ops
[    0.833068] acpi PNP0A08:04: ECAM area [mem 0x784000000-0x7847fffff] reserved by PNP0C02:01
[    0.833589] acpi PNP0A08:04: ECAM at [mem 0x784000000-0x7847fffff] for [bus 40-47]
[    0.833619] Remapped I/O 0x00000007bfff0000 to [io  0x41000-0x50fff window]
[    0.833671] PCI host bridge to bus 0007:40
[    0.833678] pci_bus 0007:40: root bus resource [mem 0x784800000-0x7bffeffff window] (bus address [0x84800000-0xbffeffff])
[    0.833687] pci_bus 0007:40: root bus resource [io  0x41000-0x50fff window] (bus address [0x0000-0xffff])
[    0.833695] pci_bus 0007:40: root bus resource [bus 40-47]
[    0.833708] pci 0007:40:00.0: [19e5:1610] type 01 class 0x060400
[    0.833745] pci 0007:40:00.0: supports D1 D2
[    0.833747] pci 0007:40:00.0: PME# supported from D0 D1 D3hot
[    0.833867] pci 0007:41:00.0: [19e5:1711] type 00 class 0x030000
[    0.833886] pci 0007:41:00.0: reg 0x10: [mem 0x786000000-0x787ffffff pref]
[    0.833896] pci 0007:41:00.0: reg 0x14: [mem 0x784800000-0x7849fffff]
[    0.834003] pci 0007:41:00.0: supports D1
[    0.834005] pci 0007:41:00.0: PME# supported from D0 D1 D3hot
[    0.834094] pci 0007:40:00.0: BAR 15: assigned [mem 0x786000000-0x787ffffff pref]
[    0.834103] pci 0007:40:00.0: BAR 14: assigned [mem 0x784800000-0x7849fffff]
[    0.834110] pci 0007:41:00.0: BAR 0: assigned [mem 0x786000000-0x787ffffff pref]
[    0.834121] pci 0007:41:00.0: BAR 1: assigned [mem 0x784800000-0x7849fffff]
[    0.834130] pci 0007:40:00.0: PCI bridge to [bus 41]
[    0.834137] pci 0007:40:00.0:   bridge window [mem 0x784800000-0x7849fffff]
[    0.834143] pci 0007:40:00.0:   bridge window [mem 0x786000000-0x787ffffff pref]
[    0.834235] ACPI: PCI Root Bridge [PCIA] (domain 000a [bus 10-1f])
[    0.834244] acpi PNP0A08:05: _OSC: OS supports [ExtendedConfig ASPM ClockPM Segments MSI]
[    0.834364] acpi PNP0A08:05: _OSC: platform does not support [PCIeHotplug PME AER]
[    0.834476] acpi PNP0A08:05: _OSC: OS now controls [PCIeCapability]
[    0.834489] acpi PNP0A08:05: MCFG quirk: ECAM at [mem 0x64001000000-0x64001ffffff] for [bus 10-1f] with hisi_pcie_ops
[    0.835370] acpi PNP0A08:05: ECAM area [mem 0x64001000000-0x64001ffffff] reserved by PNP0C02:02
[    0.835923] acpi PNP0A08:05: ECAM at [mem 0x64001000000-0x64001ffffff] for [bus 10-1f]
[    0.835953] Remapped I/O 0x0000067fffff0000 to [io  0x51000-0x60fff window]
[    0.836009] PCI host bridge to bus 000a:10
[    0.836015] pci_bus 000a:10: root bus resource [mem 0x65040000000-0x650ffffffff window] (bus address [0x40000000-0xffffffff])
[    0.836024] pci_bus 000a:10: root bus resource [io  0x51000-0x60fff window] (bus address [0x0000-0xffff])
[    0.836033] pci_bus 000a:10: root bus resource [bus 10-1f]
[    0.836046] pci 000a:10:00.0: [19e5:1610] type 01 class 0x060400
[    0.836056] pci 000a:10:00.0: reg 0x10: [mem 0x00000000-0x0000ffff]
[    0.836094] pci 000a:10:00.0: supports D1 D2
[    0.836095] pci 000a:10:00.0: PME# supported from D0 D1 D3hot
[    0.836209] pci 000a:11:00.0: [8086:10fb] type 00 class 0x020000
[    0.836225] pci 000a:11:00.0: reg 0x10: [mem 0x65040800000-0x65040bfffff 64bit pref]
[    0.836231] pci 000a:11:00.0: reg 0x18: [io  0x51000-0x5101f]
[    0.836245] pci 000a:11:00.0: reg 0x20: [mem 0x65040e04000-0x65040e07fff 64bit pref]
[    0.836251] pci 000a:11:00.0: reg 0x30: [mem 0x650ffc00000-0x650ffffffff pref]
[    0.836310] pci 000a:11:00.0: PME# supported from D0 D3hot
[    0.836342] pci 000a:11:00.0: reg 0x184: [mem 0x65040e08000-0x65040e0bfff 64bit pref]
[    0.836344] pci 000a:11:00.0: VF(n) BAR0 space: [mem 0x65040e08000-0x65040f07fff 64bit pref] (contains BAR0 for 64 VFs)
[    0.836366] pci 000a:11:00.0: reg 0x190: [mem 0x65040f08000-0x65040f0bfff 64bit pref]
[    0.836368] pci 000a:11:00.0: VF(n) BAR3 space: [mem 0x65040f08000-0x65041007fff 64bit pref] (contains BAR3 for 64 VFs)
[    0.836639] pci 000a:11:00.1: [8086:10fb] type 00 class 0x020000
[    0.836654] pci 000a:11:00.1: reg 0x10: [mem 0x65040400000-0x650407fffff 64bit pref]
[    0.836660] pci 000a:11:00.1: reg 0x18: [io  0x51000-0x5101f]
[    0.836674] pci 000a:11:00.1: reg 0x20: [mem 0x65040c00000-0x65040c03fff 64bit pref]
[    0.836680] pci 000a:11:00.1: reg 0x30: [mem 0x650ffc00000-0x650ffffffff pref]
[    0.836738] pci 000a:11:00.1: PME# supported from D0 D3hot
[    0.836765] pci 000a:11:00.1: reg 0x184: [mem 0x65040c04000-0x65040c07fff 64bit pref]
[    0.836767] pci 000a:11:00.1: VF(n) BAR0 space: [mem 0x65040c04000-0x65040d03fff 64bit pref] (contains BAR0 for 64 VFs)
[    0.836788] pci 000a:11:00.1: reg 0x190: [mem 0x65040d04000-0x65040d07fff 64bit pref]
[    0.836790] pci 000a:11:00.1: VF(n) BAR3 space: [mem 0x65040d04000-0x65040e03fff 64bit pref] (contains BAR3 for 64 VFs)
[    0.837073] pci 000a:10:00.0: BAR 14: assigned [mem 0x65040000000-0x650407fffff]
[    0.837083] pci 000a:10:00.0: BAR 15: assigned [mem 0x65040800000-0x650415fffff 64bit pref]
[    0.837091] pci 000a:10:00.0: BAR 0: assigned [mem 0x65041600000-0x6504160ffff]
[    0.837100] pci 000a:10:00.0: BAR 13: assigned [io  0x51000-0x51fff]
[    0.837108] pci 000a:11:00.0: BAR 0: assigned [mem 0x65040800000-0x65040bfffff 64bit pref]
[    0.837123] pci 000a:11:00.0: BAR 6: assigned [mem 0x65040000000-0x650403fffff pref]
[    0.837131] pci 000a:11:00.1: BAR 0: assigned [mem 0x65040c00000-0x65040ffffff 64bit pref]
[    0.837145] pci 000a:11:00.1: BAR 6: assigned [mem 0x65040400000-0x650407fffff pref]
[    0.837153] pci 000a:11:00.0: BAR 4: assigned [mem 0x65041000000-0x65041003fff 64bit pref]
[    0.837167] pci 000a:11:00.0: BAR 7: assigned [mem 0x65041004000-0x65041103fff 64bit pref]
[    0.837177] pci 000a:11:00.0: BAR 10: assigned [mem 0x65041104000-0x65041203fff 64bit pref]
[    0.837188] pci 000a:11:00.1: BAR 4: assigned [mem 0x65041204000-0x65041207fff 64bit pref]
[    0.837202] pci 000a:11:00.1: BAR 7: assigned [mem 0x65041208000-0x65041307fff 64bit pref]
[    0.837212] pci 000a:11:00.1: BAR 10: assigned [mem 0x65041308000-0x65041407fff 64bit pref]
[    0.837222] pci 000a:11:00.0: BAR 2: assigned [io  0x51000-0x5101f]
[    0.837230] pci 000a:11:00.1: BAR 2: assigned [io  0x51020-0x5103f]
[    0.837238] pci 000a:10:00.0: PCI bridge to [bus 11-12]
[    0.837244] pci 000a:10:00.0:   bridge window [io  0x51000-0x51fff]
[    0.837251] pci 000a:10:00.0:   bridge window [mem 0x65040000000-0x650407fffff]
[    0.837260] pci 000a:10:00.0:   bridge window [mem 0x65040800000-0x650415fffff 64bit pref]
[    0.837340] ACPI: PCI Root Bridge [PCIC] (domain 000c [bus 20-2f])
[    0.837348] acpi PNP0A08:06: _OSC: OS supports [ExtendedConfig ASPM ClockPM Segments MSI]
[    0.837467] acpi PNP0A08:06: _OSC: platform does not support [PCIeHotplug PME AER]
[    0.837580] acpi PNP0A08:06: _OSC: OS now controls [PCIeCapability]
[    0.837593] acpi PNP0A08:06: MCFG quirk: ECAM at [mem 0x74002000000-0x74002ffffff] for [bus 20-2f] with hisi_pcie_ops
[    0.838607] acpi PNP0A08:06: ECAM area [mem 0x74002000000-0x74002ffffff] reserved by PNP0C02:03
[    0.839187] acpi PNP0A08:06: ECAM at [mem 0x74002000000-0x74002ffffff] for [bus 20-2f]
[    0.839217] Remapped I/O 0x0000077fffff0000 to [io  0x61000-0x70fff window]
[    0.839272] PCI host bridge to bus 000c:20
[    0.839279] pci_bus 000c:20: root bus resource [mem 0x75040000000-0x750ffffffff window] (bus address [0x40000000-0xffffffff])
[    0.839288] pci_bus 000c:20: root bus resource [io  0x61000-0x70fff window] (bus address [0x0000-0xffff])
[    0.839297] pci_bus 000c:20: root bus resource [bus 20-2f]
[    0.839312] pci 000c:20:00.0: [19e5:1610] type 01 class 0x060400
[    0.839322] pci 000c:20:00.0: reg 0x10: [mem 0x00000000-0x0000ffff]
[    0.839367] pci 000c:20:00.0: supports D1 D2
[    0.839368] pci 000c:20:00.0: PME# supported from D0 D1 D3hot
[    0.890691] pci 000c:20:00.0: BAR 0: assigned [mem 0x75040000000-0x7504000ffff]
[    0.890701] pci 000c:20:00.0: PCI bridge to [bus 21]
[    0.890786] ACPI: PCI Root Bridge [PCID] (domain 000d [bus 30-3f])
[    0.890795] acpi PNP0A08:07: _OSC: OS supports [ExtendedConfig ASPM ClockPM Segments MSI]
[    0.890915] acpi PNP0A08:07: _OSC: platform does not support [PCIeHotplug PME AER]
[    0.891029] acpi PNP0A08:07: _OSC: OS now controls [PCIeCapability]
[    0.891042] acpi PNP0A08:07: MCFG quirk: ECAM at [mem 0x78003000000-0x78003ffffff] for [bus 30-3f] with hisi_pcie_ops
[    0.892058] acpi PNP0A08:07: ECAM area [mem 0x78003000000-0x78003ffffff] reserved by PNP0C02:03
[    0.892668] acpi PNP0A08:07: ECAM at [mem 0x78003000000-0x78003ffffff] for [bus 30-3f]
[    0.892698] Remapped I/O 0x000007bfffff0000 to [io  0x71000-0x80fff window]
[    0.892749] PCI host bridge to bus 000d:30
[    0.892756] pci_bus 000d:30: root bus resource [mem 0x79040000000-0x790ffffffff window] (bus address [0x40000000-0xffffffff])
[    0.892766] pci_bus 000d:30: root bus resource [io  0x71000-0x80fff window] (bus address [0x0000-0xffff])
[    0.892775] pci_bus 000d:30: root bus resource [bus 30-3f]
[    0.892789] pci 000d:30:00.0: [19e5:1610] type 01 class 0x060400
[    0.892800] pci 000d:30:00.0: reg 0x10: [mem 0x00000000-0x00000fff]
[    0.892849] pci 000d:30:00.0: supports D1 D2
[    0.892851] pci 000d:30:00.0: PME# supported from D0 D1 D3hot
[    0.944176] pci 000d:30:00.0: BAR 0: assigned [mem 0x79040000000-0x79040000fff]
[    0.944186] pci 000d:30:00.0: PCI bridge to [bus 31]
[    0.944830] SCSI subsystem initialized
[    0.944998] libata version 3.00 loaded.
[    0.945049] pci 0007:41:00.0: vgaarb: VGA device added: decodes=io+mem,owns=none,locks=none
[    0.945060] pci 0007:41:00.0: vgaarb: bridge control possible
[    0.945064] vgaarb: loaded
[    0.945097] ACPI: bus type USB registered
[    0.945121] usbcore: registered new interface driver usbfs
[    0.945136] usbcore: registered new interface driver hub
[    0.945328] usbcore: registered new device driver usb
[    0.945590] Registered efivars operations
[    0.948383] NetLabel: Initializing
[    0.948397] NetLabel:  domain hash size = 128
[    0.948401] NetLabel:  protocols = UNLABELED CIPSOv4 CALIPSO
[    0.948431] NetLabel:  unlabeled traffic allowed by default
[    0.948858] clocksource: Switched to clocksource arch_sys_counter
[    0.967105] VFS: Disk quotas dquot_6.6.0
[    0.967170] VFS: Dquot-cache hash table entries: 512 (order 0, 4096 bytes)
[    0.967440] AppArmor: AppArmor Filesystem Enabled
[    0.967557] pnp: PnP ACPI init
[    0.967725] pnp 00:00: Plug and Play ACPI device, IDs PNP0501 (active)
[    0.968053] system 00:01: [mem 0xa00a0000-0xa00affff] has been reserved
[    0.968062] system 00:01: Plug and Play ACPI device, IDs PNP0c02 (active)
[    0.968122] system 00:02: [mem 0xbe800000-0xbeffffff] could not be reserved
[    0.968129] system 00:02: Plug and Play ACPI device, IDs PNP0c02 (active)
[    0.968244] system 00:03: [mem 0x700090000-0x70009ffff] has been reserved
[    0.968251] system 00:03: Plug and Play ACPI device, IDs PNP0c02 (active)
[    0.968354] system 00:04: [mem 0x700200000-0x70020ffff] has been reserved
[    0.968362] system 00:04: Plug and Play ACPI device, IDs PNP0c02 (active)
[    0.968463] system 00:05: [mem 0x7000a0000-0x7000affff] has been reserved
[    0.968471] system 00:05: Plug and Play ACPI device, IDs PNP0c02 (active)
[    0.968575] system 00:06: [mem 0x7000b0000-0x7000bffff] has been reserved
[    0.968583] system 00:06: Plug and Play ACPI device, IDs PNP0c02 (active)
[    0.968665] system 00:07: [mem 0x7c4800000-0x7c4ffffff] could not be reserved
[    0.968672] system 00:07: [mem 0x400000000-0x4007fffff] could not be reserved
[    0.968678] system 00:07: [mem 0x740800000-0x740ffffff] could not be reserved
[    0.968684] system 00:07: [mem 0x784000000-0x7847fffff] could not be reserved
[    0.968691] system 00:07: Plug and Play ACPI device, IDs PNP0c02 (active)
[    0.968760] system 00:08: [mem 0x600a00a0000-0x600a00affff] has been reserved
[    0.968767] system 00:08: Plug and Play ACPI device, IDs PNP0c02 (active)
[    0.968824] system 00:09: [mem 0x64001000000-0x64001ffffff] could not be reserved
[    0.968842] system 00:09: Plug and Play ACPI device, IDs PNP0c02 (active)
[    0.968941] system 00:0a: [mem 0x700a0090000-0x700a009ffff] has been reserved
[    0.968949] system 00:0a: Plug and Play ACPI device, IDs PNP0c02 (active)
[    0.969054] system 00:0b: [mem 0x700a0200000-0x700a020ffff] has been reserved
[    0.969061] system 00:0b: Plug and Play ACPI device, IDs PNP0c02 (active)
[    0.969141] system 00:0c: [mem 0x74002000000-0x74002ffffff] could not be reserved
[    0.969151] system 00:0c: [mem 0x78003000000-0x78003ffffff] could not be reserved
[    0.969160] system 00:0c: Plug and Play ACPI device, IDs PNP0c02 (active)
[    0.969184] pnp: PnP ACPI: found 13 devices
[    0.972495] NET: Registered protocol family 2
[    0.973613] TCP established hash table entries: 524288 (order: 10, 4194304 bytes)
[    0.974743] TCP bind hash table entries: 65536 (order: 8, 1048576 bytes)
[    0.975033] TCP: Hash tables configured (established 524288 bind 65536)
[    0.975369] UDP hash table entries: 65536 (order: 9, 2097152 bytes)
[    0.976109] UDP-Lite hash table entries: 65536 (order: 9, 2097152 bytes)
[    0.976794] NET: Registered protocol family 1
[    0.976855] PCI: CLS 64 bytes, default 128
[    0.976951] Unpacking initramfs...
[    1.678414] Freeing initrd memory: 39632K
[    1.680487] hw perfevents: enabled with armv8_pmuv3_0 PMU driver, 7 counters available
[    1.680705] kvm [1]: 8-bit VMID
[    1.680712] kvm [1]: IDMAP page: a11000
[    1.680716] kvm [1]: HYP VA range: 800000000000:ffffffffffff
[    1.681770] kvm [1]: Hyp mode initialized successfully
[    1.681896] kvm [1]: vgic-v2@fe020000
[    1.681989] kvm [1]: GIC system register CPU interface enabled
[    1.682626] kvm [1]: vgic interrupt IRQ1
[    1.682638] kvm [1]: virtual timer IRQ3
[    1.685565] audit: initializing netlink subsys (disabled)
[    1.685670] audit: type=2000 audit(1.428:1): initialized
[    1.685852] Initialise system trusted keyrings
[    1.686322] workingset: timestamp_bits=40 max_order=27 bucket_order=0
[    1.688636] zbud: loaded
[    1.689724] squashfs: version 4.0 (2009/01/31) Phillip Lougher
[    1.690095] fuse init (API version 7.26)
[    1.694757] Key type asymmetric registered
[    1.694764] Asymmetric key parser 'x509' registered
[    1.694825] Block layer SCSI generic (bsg) driver version 0.4 loaded (major 248)
[    1.694979] io scheduler noop registered
[    1.694985] io scheduler deadline registered
[    1.694998] io scheduler cfq registered (default)
[    1.696339] pcieport 0002:e8:00.0: can't derive routing for PCI INT A
[    1.696351] pcieport 0002:e8:00.0: PCI INT A: no GSI
[    1.696476] pcieport 0004:48:00.0: can't derive routing for PCI INT A
[    1.696482] pcieport 0004:48:00.0: PCI INT A: no GSI
[    1.696545] pcieport 0005:00:00.0: can't derive routing for PCI INT A
[    1.696551] pcieport 0005:00:00.0: PCI INT A: no GSI
[    1.696613] pcieport 0006:08:00.0: can't derive routing for PCI INT A
[    1.696619] pcieport 0006:08:00.0: PCI INT A: no GSI
[    1.696697] pcieport 0007:40:00.0: can't derive routing for PCI INT A
[    1.696703] pcieport 0007:40:00.0: PCI INT A: no GSI
[    1.696768] pcieport 000a:10:00.0: can't derive routing for PCI INT A
[    1.696774] pcieport 000a:10:00.0: PCI INT A: no GSI
[    1.696853] pcieport 000c:20:00.0: can't derive routing for PCI INT A
[    1.696859] pcieport 000c:20:00.0: PCI INT A: no GSI
[    1.696934] pcieport 000d:30:00.0: can't derive routing for PCI INT A
[    1.696940] pcieport 000d:30:00.0: PCI INT A: no GSI
[    1.697256] acpi-ged ACPI0013:00: GED listening GSI 424 @ IRQ 5
[    1.697545] input: Power Button as /devices/LNXSYSTM:00/LNXSYBUS:00/PNP0C0C:00/input/input0
[    1.697560] ACPI: Power Button [PWRB]
[    1.697607] acpi ACPI0007:00: CPPC data invalid or not present
[    1.697627] acpi ACPI0007:01: CPPC data invalid or not present
[    1.697645] acpi ACPI0007:02: CPPC data invalid or not present
[    1.697667] acpi ACPI0007:03: CPPC data invalid or not present
[    1.697686] acpi ACPI0007:04: CPPC data invalid or not present
[    1.697704] acpi ACPI0007:05: CPPC data invalid or not present
[    1.697722] acpi ACPI0007:06: CPPC data invalid or not present
[    1.697740] acpi ACPI0007:07: CPPC data invalid or not present
[    1.697757] acpi ACPI0007:08: CPPC data invalid or not present
[    1.697774] acpi ACPI0007:09: CPPC data invalid or not present
[    1.697791] acpi ACPI0007:0a: CPPC data invalid or not present
[    1.697807] acpi ACPI0007:0b: CPPC data invalid or not present
[    1.697824] acpi ACPI0007:0c: CPPC data invalid or not present
[    1.697843] acpi ACPI0007:0d: CPPC data invalid or not present
[    1.697861] acpi ACPI0007:0e: CPPC data invalid or not present
[    1.697878] acpi ACPI0007:0f: CPPC data invalid or not present
[    1.697895] acpi ACPI0007:10: CPPC data invalid or not present
[    1.697911] acpi ACPI0007:11: CPPC data invalid or not present
[    1.697932] acpi ACPI0007:12: CPPC data invalid or not present
[    1.697949] acpi ACPI0007:13: CPPC data invalid or not present
[    1.697970] acpi ACPI0007:14: CPPC data invalid or not present
[    1.697987] acpi ACPI0007:15: CPPC data invalid or not present
[    1.698005] acpi ACPI0007:16: CPPC data invalid or not present
[    1.698028] acpi ACPI0007:17: CPPC data invalid or not present
[    1.698047] acpi ACPI0007:18: CPPC data invalid or not present
[    1.698064] acpi ACPI0007:19: CPPC data invalid or not present
[    1.698081] acpi ACPI0007:1a: CPPC data invalid or not present
[    1.698097] acpi ACPI0007:1b: CPPC data invalid or not present
[    1.698115] acpi ACPI0007:1c: CPPC data invalid or not present
[    1.698133] acpi ACPI0007:1d: CPPC data invalid or not present
[    1.698151] acpi ACPI0007:1e: CPPC data invalid or not present
[    1.698169] acpi ACPI0007:1f: CPPC data invalid or not present
[    1.698186] acpi ACPI0007:20: CPPC data invalid or not present
[    1.698202] acpi ACPI0007:21: CPPC data invalid or not present
[    1.698219] acpi ACPI0007:22: CPPC data invalid or not present
[    1.698236] acpi ACPI0007:23: CPPC data invalid or not present
[    1.698253] acpi ACPI0007:24: CPPC data invalid or not present
[    1.698273] acpi ACPI0007:25: CPPC data invalid or not present
[    1.698291] acpi ACPI0007:26: CPPC data invalid or not present
[    1.698308] acpi ACPI0007:27: CPPC data invalid or not present
[    1.698325] acpi ACPI0007:28: CPPC data invalid or not present
[    1.698342] acpi ACPI0007:29: CPPC data invalid or not present
[    1.698359] acpi ACPI0007:2a: CPPC data invalid or not present
[    1.698376] acpi ACPI0007:2b: CPPC data invalid or not present
[    1.698392] acpi ACPI0007:2c: CPPC data invalid or not present
[    1.698409] acpi ACPI0007:2d: CPPC data invalid or not present
[    1.698429] acpi ACPI0007:2e: CPPC data invalid or not present
[    1.698447] acpi ACPI0007:2f: CPPC data invalid or not present
[    1.698464] acpi ACPI0007:30: CPPC data invalid or not present
[    1.698481] acpi ACPI0007:31: CPPC data invalid or not present
[    1.698498] acpi ACPI0007:32: CPPC data invalid or not present
[    1.698515] acpi ACPI0007:33: CPPC data invalid or not present
[    1.698533] acpi ACPI0007:34: CPPC data invalid or not present
[    1.698551] acpi ACPI0007:35: CPPC data invalid or not present
[    1.698572] acpi ACPI0007:36: CPPC data invalid or not present
[    1.698591] acpi ACPI0007:37: CPPC data invalid or not present
[    1.698609] acpi ACPI0007:38: CPPC data invalid or not present
[    1.698627] acpi ACPI0007:39: CPPC data invalid or not present
[    1.698644] acpi ACPI0007:3a: CPPC data invalid or not present
[    1.698662] acpi ACPI0007:3b: CPPC data invalid or not present
[    1.698678] acpi ACPI0007:3c: CPPC data invalid or not present
[    1.698695] acpi ACPI0007:3d: CPPC data invalid or not present
[    1.698712] acpi ACPI0007:3e: CPPC data invalid or not present
[    1.698729] acpi ACPI0007:3f: CPPC data invalid or not present
[    1.698993] GHES: HEST is not enabled!
[    1.699094] ACPI GTDT: found 1 SBSA generic Watchdog(s).
[    1.699345] Serial: 8250/16550 driver, 32 ports, IRQ sharing enabled
[    1.720284] 00:00: ttyS0 at I/O 0x2f8 (irq = 0, base_baud = 115200) is a 16550A
[    1.722332] msm_serial: driver initialized
[    1.723089] cacheinfo: Unable to detect cache hierarchy for CPU 0
[    1.728236] loop: module loaded
[    1.728494] libphy: Fixed MDIO Bus: probed
[    1.728500] tun: Universal TUN/TAP device driver, 1.6
[    1.728505] tun: (C) 1999-2004 Max Krasnyansky <maxk@qualcomm.com>
[    1.728624] PPP generic driver version 2.4.2
[    1.728688] ehci_hcd: USB 2.0 'Enhanced' Host Controller (EHCI) Driver
[    1.728697] ehci-pci: EHCI PCI platform driver
[    1.728720] ohci_hcd: USB 1.1 'Open' Host Controller (OHCI) Driver
[    1.728728] ohci-pci: OHCI PCI platform driver
[    1.728743] uhci_hcd: USB Universal Host Controller Interface driver
[    1.728869] mousedev: PS/2 mouse device common for all mice
[    1.734732] rtc-efi rtc-efi: rtc core: registered rtc-efi as rtc0
[    1.734754] i2c /dev entries driver
[    1.734927] device-mapper: uevent: version 1.0.3
[    1.735040] device-mapper: ioctl: 4.35.0-ioctl (2016-06-23) initialised: dm-devel@redhat.com
[    1.735691] ledtrig-cpu: registered to indicate activity on CPUs
[    1.735763] EFI Variables Facility v0.08 2004-May-17
[    1.738305] NET: Registered protocol family 10
[    1.755530] Segment Routing with IPv6
[    1.755567] NET: Registered protocol family 17
[    1.755597] Key type dns_resolver registered
[    1.755899] registered taskstats version 1
[    1.755935] Loading compiled-in X.509 certificates
[    1.759039] Loaded X.509 cert 'Build time autogenerated kernel key: 85eb03dfbb27f0a2bd4b08027eb89b5ac52542dc'
[    1.759180] zswap: loaded using pool lzo/zbud
[    1.778475] Key type big_key registered
[    1.778485] Key type trusted registered
[    1.784002] Key type encrypted registered
[    1.784010] AppArmor: AppArmor sha1 policy hashing enabled
[    1.784021] ima: No TPM chip found, activating TPM-bypass! (rc=-19)
[    1.784061] evm: HMAC attrs: 0x1
[    1.784534] ARMH0011:00: ttyAMA0 at MMIO 0x602b0000 (irq = 8, base_baud = 0) is a SBSA
[    1.787359] rtc-efi rtc-efi: setting system clock to 2017-11-17 03:11:55 UTC (1510888315)
[    1.791750] Freeing unused kernel memory: 4224K
[    1.792130] arm64/mm: Found insecure W+X mapping at address 0000000000a29000/0xa29000
[    1.792146] ------------[ cut here ]------------
[    1.792166] WARNING: CPU: 58 PID: 1 at /build/linux-hwe-mYUVJQ/linux-hwe-4.10.0/arch/arm64/mm/dump.c:232 note_page+0x34c/0x358
[    1.792174] Modules linked in: aes_neon_blk crypto_simd cryptd

[    1.792190] CPU: 58 PID: 1 Comm: swapper/0 Not tainted 4.10.0-28-generic #32~16.04.2-Ubuntu
[    1.792199] Hardware name: Huawei TaiShan 2280 /BC11SPCD, BIOS 1.29 07/17/2017
[    1.792206] task: ffff80bf6e4fc880 task.stack: ffff803f6b780000
[    1.792212] PC is at note_page+0x34c/0x358
[    1.792217] LR is at note_page+0x34c/0x358
[    1.792222] pc : [<ffff0000080a0edc>] lr : [<ffff0000080a0edc>] pstate: 60400145
[    1.792229] sp : ffff803f6b783d30
[    1.792233] x29: ffff803f6b783d30 x28: 0000000000a2e000 
[    1.792240] x27: ffff80df6a2aa170 x26: ffff00000944a000 
[    1.792245] x25: ffff000008d68000 x24: 0000000000000000 
[    1.792251] x23: 0000000000000000 x22: 0000000000000004 
[    1.792256] x21: 0000000000a2d000 x20: ffff000009219000 
[    1.792262] x19: ffff803f6b783e28 x18: ffff000009208b10 
[    1.792267] x17: ffff7e0000bed420 x16: 0000000000000000 
[    1.792273] x15: ffff00008935b7bf x14: 3030303932613030 
[    1.792278] x13: 3030303030303030 x12: 2073736572646461 
[    1.792284] x11: 20746120676e6970 x10: 70616d20582b5720 
[    1.792289] x9 : ffff000008651a78 x8 : ffff000008eb9000 
[    1.792295] x7 : 6d6d2f34366d7261 x6 : 000000000000044e 
[    1.792300] x5 : ffff00000935d448 x4 : 0000000000000000 
[    1.792306] x3 : 0000000000000000 x2 : 0000000000040a11 
[    1.792311] x1 : 0000000000000000 x0 : 0000000000000049 

[    1.792320] ---[ end trace 6245d4081cf16ba7 ]---
[    1.792325] Call trace:
[    1.792331] Exception stack(0xffff803f6b783b40 to 0xffff803f6b783c70)
[    1.792337] 3b40: ffff803f6b783e28 0001000000000000 000000000144d000 ffff0000080a0edc
[    1.792346] 3b60: 0000000060400145 ffff0000092aa690 ffff00000935b7c0 0000000100000000
[    1.792355] 3b80: ffff803f6b783c20 ffff000008130054 ffff803f6b783c80 ffff000008c7dfa0
[    1.792363] 3ba0: 0000000000a2d000 0000000000000004 0000000000000000 0000000000000000
[    1.792371] 3bc0: ffff000008d68000 ffff00000944a000 ffff80df6a2aa170 0000000000a2e000
[    1.792379] 3be0: ffff803f6b783c70 0000000000000000 ffff00000935dbd0 0000000000040a11
[    1.792388] 3c00: 0000000000000049 0000000000000000 0000000000040a11 0000000000000000
[    1.792396] 3c20: 0000000000000000 ffff00000935d448 000000000000044e 6d6d2f34366d7261
[    1.792404] 3c40: ffff000008eb9000 ffff000008651a78 70616d20582b5720 20746120676e6970
[    1.792412] 3c60: 2073736572646461 3030303030303030
[    1.792418] [<ffff0000080a0edc>] note_page+0x34c/0x358
[    1.792424] [<ffff0000080a0fc8>] walk_pgd.isra.1+0xe0/0x1e0
[    1.792430] [<ffff0000080a11d4>] ptdump_check_wx+0x74/0xd8
[    1.792436] [<ffff00000809f2d0>] mark_rodata_ro+0x90/0xc0
[    1.792447] [<ffff000008a07580>] kernel_init+0x30/0x110
[    1.792454] [<ffff0000080838a0>] ret_from_fork+0x10/0x30
[    1.795198] Checked W+X mappings: FAILED, 7 W+X pages found, 0 non-UXN pages found
[    1.824743] random: systemd-udevd: uninitialized urandom read (16 bytes read)
[    1.824908] random: systemd-udevd: uninitialized urandom read (16 bytes read)
[    1.824929] random: systemd-udevd: uninitialized urandom read (16 bytes read)
[    1.824952] random: systemd-udevd: uninitialized urandom read (16 bytes read)
[    1.828850] random: udevadm: uninitialized urandom read (16 bytes read)
[    1.828893] random: udevadm: uninitialized urandom read (16 bytes read)
[    1.846985] random: systemd-udevd: uninitialized urandom read (16 bytes read)
[    1.847017] random: systemd-udevd: uninitialized urandom read (16 bytes read)
[    1.847033] random: systemd-udevd: uninitialized urandom read (16 bytes read)
[    1.847407] random: systemd-udevd: uninitialized urandom read (16 bytes read)
[    1.915189] FUJITSU Extended Socket Network Device Driver - version 1.2 - Copyright (c) 2015 FUJITSU LIMITED
[    1.923402] pps_core: LinuxPPS API ver. 1 registered
[    1.923409] pps_core: Software ver. 5.3.6 - Copyright 2005-2007 Rodolfo Giometti <giometti@linux.it>
[    1.926368] PTP clock support registered
[    1.926504] pcieport 0002:e8:00.0: can't derive routing for PCI INT A
[    1.926516] nvme 0002:e9:00.0: PCI INT A: no GSI
[    1.926525] hisi_sas: driver version v1.6
[    1.926661] nvme nvme0: pci function 0002:e9:00.0
[    1.939137] mpt3sas version 14.101.00.00 loaded
[    1.939286] pcieport 0004:48:00.0: can't derive routing for PCI INT A
[    1.939294] mpt3sas 0004:49:00.0: PCI INT A: no GSI
[    1.939495] mpt3sas_cm0: 64 BIT PCI BUS DMA ADDRESSING SUPPORTED, total mem (527855420 kB)
[    1.940655] ixgbe: Intel(R) 10 Gigabit PCI Express Network Driver - version 4.4.0-k
[    1.940665] ixgbe: Copyright (c) 1999-2016 Intel Corporation.
[    1.940674] [drm] Initialized
[    1.940743] pcieport 0005:00:00.0: can't derive routing for PCI INT A
[    1.940751] ixgbe 0005:01:00.0: PCI INT A: no GSI
[    1.940761] ixgbe 0005:01:00.0: enabling device (0000 -> 0002)
[    1.962111] pcieport 0007:40:00.0: can't derive routing for PCI INT A
[    1.962119] hibmc-drm 0007:41:00.0: PCI INT A: no GSI
[    1.962284] [TTM] Zone  kernel: Available graphics memory: 263927710 kiB
[    1.962291] [TTM] Zone   dma32: Available graphics memory: 2097152 kiB
[    1.962296] [TTM] Initializing pool allocator
[    1.962307] [TTM] Initializing DMA pool allocator
[    1.962347] [drm] Supports vblank timestamp caching Rev 2 (21.10.2013).
[    1.962353] [drm] No driver support for vblank timestamp query.
[    1.973908] Console: switching to colour frame buffer device 100x37
[    1.979186] hibmc-drm 0007:41:00.0: fb0: hibmcdrmfb frame buffer device
[    1.996857] mpt3sas_cm0: MSI-X vectors supported: 96, no of cores: 64, max_msix_vectors: -1
[    1.998868] mpt3sas0-msix0: PCI-MSI-X enabled: IRQ 11
[    1.998952] mpt3sas0-msix1: PCI-MSI-X enabled: IRQ 12
[    1.999035] mpt3sas0-msix2: PCI-MSI-X enabled: IRQ 13
[    1.999118] mpt3sas0-msix3: PCI-MSI-X enabled: IRQ 14
[    1.999201] mpt3sas0-msix4: PCI-MSI-X enabled: IRQ 15
[    1.999283] mpt3sas0-msix5: PCI-MSI-X enabled: IRQ 16
[    1.999366] mpt3sas0-msix6: PCI-MSI-X enabled: IRQ 17
[    1.999449] mpt3sas0-msix7: PCI-MSI-X enabled: IRQ 18
[    1.999532] mpt3sas0-msix8: PCI-MSI-X enabled: IRQ 19
[    1.999614] mpt3sas0-msix9: PCI-MSI-X enabled: IRQ 20
[    2.003380] mpt3sas0-msix10: PCI-MSI-X enabled: IRQ 21
[    2.004852] libphy: Hisilicon MII Bus: probed
[    2.010837] mpt3sas0-msix11: PCI-MSI-X enabled: IRQ 22
[    2.014589] mpt3sas0-msix12: PCI-MSI-X enabled: IRQ 23
[    2.018251] mpt3sas0-msix13: PCI-MSI-X enabled: IRQ 24
[    2.021777] mpt3sas0-msix14: PCI-MSI-X enabled: IRQ 25
[    2.025231] mpt3sas0-msix15: PCI-MSI-X enabled: IRQ 26
[    2.028529] mpt3sas0-msix16: PCI-MSI-X enabled: IRQ 27
[    2.031698] mpt3sas0-msix17: PCI-MSI-X enabled: IRQ 28
[    2.034725] mpt3sas0-msix18: PCI-MSI-X enabled: IRQ 29
[    2.037589] mpt3sas0-msix19: PCI-MSI-X enabled: IRQ 30
[    2.037604] pcieport 0002:e8:00.0: can't derive routing for PCI INT A
[    2.037605] nvme 0002:e9:00.0: PCI INT A: no GSI
[    2.045840] mpt3sas0-msix20: PCI-MSI-X enabled: IRQ 31
[    2.048560] mpt3sas0-msix21: PCI-MSI-X enabled: IRQ 32
[    2.051233] mpt3sas0-msix22: PCI-MSI-X enabled: IRQ 33
[    2.053788] mpt3sas0-msix23: PCI-MSI-X enabled: IRQ 34
[    2.056249] mpt3sas0-msix24: PCI-MSI-X enabled: IRQ 35
[    2.058577] mpt3sas0-msix25: PCI-MSI-X enabled: IRQ 36
[    2.060843] mpt3sas0-msix26: PCI-MSI-X enabled: IRQ 37
[    2.063029] mpt3sas0-msix27: PCI-MSI-X enabled: IRQ 38
[    2.065154] mpt3sas0-msix28: PCI-MSI-X enabled: IRQ 39
[    2.067166] mpt3sas0-msix29: PCI-MSI-X enabled: IRQ 40
[    2.069090] mpt3sas0-msix30: PCI-MSI-X enabled: IRQ 41
[    2.070890] mpt3sas0-msix31: PCI-MSI-X enabled: IRQ 42
[    2.072521] mpt3sas0-msix32: PCI-MSI-X enabled: IRQ 43
[    2.074094] mpt3sas0-msix33: PCI-MSI-X enabled: IRQ 44
[    2.075414] mpt3sas0-msix34: PCI-MSI-X enabled: IRQ 45
[    2.076720] mpt3sas0-msix35: PCI-MSI-X enabled: IRQ 46
[    2.078047] mpt3sas0-msix36: PCI-MSI-X enabled: IRQ 47
[    2.079374] mpt3sas0-msix37: PCI-MSI-X enabled: IRQ 48
[    2.080705] mpt3sas0-msix38: PCI-MSI-X enabled: IRQ 49
[    2.082046] mpt3sas0-msix39: PCI-MSI-X enabled: IRQ 50
[    2.083392] mpt3sas0-msix40: PCI-MSI-X enabled: IRQ 51
[    2.084756] mpt3sas0-msix41: PCI-MSI-X enabled: IRQ 52
[    2.086095] mpt3sas0-msix42: PCI-MSI-X enabled: IRQ 53
[    2.087433] mpt3sas0-msix43: PCI-MSI-X enabled: IRQ 54
[    2.088713] mpt3sas0-msix44: PCI-MSI-X enabled: IRQ 55
[    2.089909] mpt3sas0-msix45: PCI-MSI-X enabled: IRQ 56
[    2.091020] mpt3sas0-msix46: PCI-MSI-X enabled: IRQ 57
[    2.092125] mpt3sas0-msix47: PCI-MSI-X enabled: IRQ 58
[    2.093241] mpt3sas0-msix48: PCI-MSI-X enabled: IRQ 59
[    2.094373] mpt3sas0-msix49: PCI-MSI-X enabled: IRQ 60
[    2.095478] mpt3sas0-msix50: PCI-MSI-X enabled: IRQ 61
[    2.096594] mpt3sas0-msix51: PCI-MSI-X enabled: IRQ 62
[    2.097708] mpt3sas0-msix52: PCI-MSI-X enabled: IRQ 63
[    2.098809] mpt3sas0-msix53: PCI-MSI-X enabled: IRQ 64
[    2.099911] mpt3sas0-msix54: PCI-MSI-X enabled: IRQ 65
[    2.100895] mpt3sas0-msix55: PCI-MSI-X enabled: IRQ 66
[    2.101764] mpt3sas0-msix56: PCI-MSI-X enabled: IRQ 67
[    2.102544] mpt3sas0-msix57: PCI-MSI-X enabled: IRQ 68
[    2.103323] mpt3sas0-msix58: PCI-MSI-X enabled: IRQ 69
[    2.104093] mpt3sas0-msix59: PCI-MSI-X enabled: IRQ 70
[    2.104871] mpt3sas0-msix60: PCI-MSI-X enabled: IRQ 71
[    2.105646] mpt3sas0-msix61: PCI-MSI-X enabled: IRQ 72
[    2.106440] mpt3sas0-msix62: PCI-MSI-X enabled: IRQ 73
[    2.107271] mpt3sas0-msix63: PCI-MSI-X enabled: IRQ 74
[    2.108044] mpt3sas_cm0: iomem(0x00000007c5140000), mapped(0xffff00003fa00000), size(65536)
[    2.109037] mpt3sas_cm0: ioport(0x0000000000011000), size(256)
[    2.113359] hns_dsaf HISI00B2:00: no mc-mac-mask property, set to default value.
[    2.114813]  nvme0n1: p1 p2 p3
[    2.167378] mpt3sas_cm0: sending diag reset !!
[    2.314983] hns_dsaf HISI00B2:00: no mc-mac-mask property, set to default value.
[    2.520245] hns_dsaf HISI00B2:00: no mc-mac-mask property, set to default value.
[    2.543380] hns_dsaf HISI00B2:00: no mc-mac-mask property, set to default value.
[    2.885134] netif_napi_add() called with weight 256 on device eth%d
[    2.962976] scsi host1: hisi_sas
[    3.100680] scsi host2: hisi_sas
[    3.117106] ixgbe 0005:01:00.0: Multiqueue Enabled: Rx Queue count = 63, Tx Queue count = 63
[    3.119322] ixgbe 0005:01:00.0: PCI Express bandwidth of 32GT/s available
[    3.121531] ixgbe 0005:01:00.0: (Speed:5.0GT/s, Width: x8, Encoding Loss:20%)
[    3.123901] ixgbe 0005:01:00.0: MAC: 2, PHY: 1, PBA No: E68785-008
[    3.126280] ixgbe 0005:01:00.0: 90:e2:ba:d3:08:80
[    3.130957] ixgbe 0005:01:00.0: Intel(R) 10 Gigabit Network Connection
[    3.133592] pcieport 0005:00:00.0: can't derive routing for PCI INT B
[    3.136329] ixgbe 0005:01:00.1: PCI INT B: no GSI
[    3.139112] ixgbe 0005:01:00.1: enabling device (0000 -> 0002)
[    3.250057] mpt3sas_cm0: diag reset: SUCCESS
[    3.264423] hns-nic HISI00C2:00 enahisic2i0: renamed from eth0
[    3.267643] scsi host3: hisi_sas
[    3.333355] mpt3sas_cm0: Allocated physical memory: size(15129 kB)
[    3.336756] mpt3sas_cm0: Current Controller Queue Depth(3960),Max Controller Queue Depth(4096)
[    3.340255] mpt3sas_cm0: Scatter Gather Elements per IO(128)
[    3.341152] hns-nic HISI00C2:03 enahisic2i3: renamed from eth4
[    3.394625] mpt3sas_cm0: LSISAS3008: FWVersion(14.00.00.00), ChipRevision(0x02), BiosVersion(16.00.00.00)
[    3.402746] mpt3sas_cm0: Protocol=(
[    3.402747] Initiator
[    3.404964] hns-nic HISI00C2:01 enahisic2i1: renamed from eth1
[    3.415479] ), 
[    3.415480] Capabilities=(
[    3.419863] Raid
[    3.424310] ,TLR
[    3.428796] ,EEDP
[    3.433364] ,Snapshot Buffer
[    3.437696] ,Diag Trace Buffer
[    3.441939] ,Task Set Full
[    3.446028] ,NCQ
[    3.450031] )
[    3.457790] scsi host0: Fusion MPT SAS Host
[    3.462146] mpt3sas_cm0: sending port enable !!
[    3.524984] hns-nic HISI00C2:02 enahisic2i2: renamed from eth3
[    3.814210] random: fast init done
[    4.325049] ixgbe 0005:01:00.1: Multiqueue Enabled: Rx Queue count = 63, Tx Queue count = 63
[    4.329312] ixgbe 0005:01:00.1: PCI Express bandwidth of 32GT/s available
[    4.333380] ixgbe 0005:01:00.1: (Speed:5.0GT/s, Width: x8, Encoding Loss:20%)
[    4.337517] ixgbe 0005:01:00.1: MAC: 2, PHY: 1, PBA No: E68785-008
[    4.341580] ixgbe 0005:01:00.1: 90:e2:ba:d3:08:81
[    4.347827] ixgbe 0005:01:00.1: Intel(R) 10 Gigabit Network Connection
[    4.351928] pcieport 000a:10:00.0: can't derive routing for PCI INT A
[    4.355995] ixgbe 000a:11:00.0: PCI INT A: no GSI
[    4.360035] ixgbe 000a:11:00.0: enabling device (0000 -> 0002)
[    5.223273] mpt3sas_cm0: host_add: handle(0x0001), sas_addr(0x5a0a33ba026d1000), phys(8)
[    5.229095] mpt3sas_cm0: expander_add: handle(0x0009), parent(0x0001), sas_addr(0x500e004aaaaaaa1f), phys(25)
[    5.541752] ixgbe 000a:11:00.0: Multiqueue Enabled: Rx Queue count = 63, Tx Queue count = 63
[    5.546271] ixgbe 000a:11:00.0: PCI Express bandwidth of 32GT/s available
[    5.550624] ixgbe 000a:11:00.0: (Speed:5.0GT/s, Width: x8, Encoding Loss:20%)
[    5.554995] ixgbe 000a:11:00.0: MAC: 2, PHY: 1, PBA No: FFFFFF-0FF
[    5.559183] ixgbe 000a:11:00.0: 68:cc:6e:a4:fe:7f
[    5.567665] ixgbe 000a:11:00.0: Intel(R) 10 Gigabit Network Connection
[    5.571853] pcieport 000a:10:00.0: can't derive routing for PCI INT B
[    5.575846] ixgbe 000a:11:00.1: PCI INT B: no GSI
[    5.579840] ixgbe 000a:11:00.1: enabling device (0000 -> 0002)
[    6.761717] ixgbe 000a:11:00.1: Multiqueue Enabled: Rx Queue count = 63, Tx Queue count = 63
[    6.765972] ixgbe 000a:11:00.1: PCI Express bandwidth of 32GT/s available
[    6.770040] ixgbe 000a:11:00.1: (Speed:5.0GT/s, Width: x8, Encoding Loss:20%)
[    6.774294] ixgbe 000a:11:00.1: MAC: 2, PHY: 1, PBA No: FFFFFF-0FF
[    6.778503] ixgbe 000a:11:00.1: 68:cc:6e:a4:fe:80
[    6.787041] ixgbe 000a:11:00.1: Intel(R) 10 Gigabit Network Connection
[    6.792401] ixgbe 0005:01:00.0 enP5p1s0f0: renamed from eth2
[    6.821066] ixgbe 0005:01:00.1 enP5p1s0f1: renamed from eth0
[    6.965049] ixgbe 000a:11:00.1 enP10p17s0f1: renamed from eth3
[    7.008987] ixgbe 000a:11:00.0 enP10p17s0f0: renamed from eth1
[   10.476841] mpt3sas_cm0: port enable: SUCCESS
[   10.482550] scsi 0:0:0:0: Enclosure         12G SAS  Expander         RevB PQ: 0 ANSI: 6
[   10.487219] scsi 0:0:0:0: set ignore_delay_remove for handle(0x000a)
[   10.491908] scsi 0:0:0:0: SES: handle(0x000a), sas_addr(0x500e004aaaaaaa1e), phy(24), device_name(0x0000000000000000)
[   10.501372] scsi 0:0:0:0: SES: enclosure_logical_id(0x500e004aaaaaaa1e), slot(24)
[   10.506234] scsi 0:0:0:0: SES: enclosure level(0x0000), connector name(     )
[   10.545251] scsi 0:0:0:0: Attached scsi generic sg0 type 13
[   10.552879] ses 0:0:0:0: Attached Enclosure device
[   10.704844] raid6: int64x1  gen()  1600 MB/s
[   10.756867] raid6: int64x1  xor()   965 MB/s
[   10.808867] raid6: int64x2  gen()  2163 MB/s
[   10.860841] raid6: int64x2  xor()  1399 MB/s
[   10.912856] raid6: int64x4  gen()  3144 MB/s
[   10.964850] raid6: int64x4  xor()  1877 MB/s
[   11.016841] raid6: int64x8  gen()  3092 MB/s
[   11.068847] raid6: int64x8  xor()  1867 MB/s
[   11.120839] raid6: neonx1   gen()  3086 MB/s
[   11.172845] raid6: neonx1   xor()  1701 MB/s
[   11.220852] raid6: neonx2   gen()  4107 MB/s
[   11.268842] raid6: neonx2   xor()  2476 MB/s
[   11.316844] raid6: neonx4   gen()  5239 MB/s
[   11.364842] raid6: neonx4   xor()  3484 MB/s
[   11.412842] raid6: neonx8   gen()  5017 MB/s
[   11.460840] raid6: neonx8   xor()  3465 MB/s
[   11.464232] raid6: using algorithm neonx4 gen() 5239 MB/s
[   11.467681] raid6: .... xor() 3484 MB/s, rmw enabled
[   11.471044] raid6: using intx1 recovery algorithm
[   11.475846] xor: measuring software checksum speed
[   11.516839]    8regs     :  4381.000 MB/sec
[   11.556839]    8regs_prefetch:  4132.000 MB/sec
[   11.596840]    32regs    :  4697.000 MB/sec
[   11.636840]    32regs_prefetch:  4424.000 MB/sec
[   11.640064] xor: using function: 32regs (4697.000 MB/sec)
[   11.644763] async_tx: api initialized (async)
[   12.268049] Btrfs loaded, crc32c=crc32c-arm64-hw
[   12.374330] EXT4-fs (dm-0): mounted filesystem with ordered data mode. Opts: (null)
[   12.559119] systemd[1]: systemd 229 running in system mode. (+PAM +AUDIT +SELINUX +IMA +APPARMOR +SMACK +SYSVINIT +UTMP +LIBCRYPTSETUP +GCRYPT +GNUTLS +ACL +XZ -LZ4 +SECCOMP +BLKID +ELFUTILS +KMOD -IDN)
[   12.574938] systemd[1]: Detected architecture arm64.
[   12.594979] systemd[1]: Set hostname to <DPDK2>.
[   12.664299] systemd[1]: Listening on /dev/initctl Compatibility Named Pipe.
[   12.674757] systemd[1]: Listening on LVM2 poll daemon socket.
[   12.685358] systemd[1]: Listening on LVM2 metadata daemon socket.
[   12.696265] systemd[1]: Listening on udev Control Socket.
[   12.707449] systemd[1]: Started Forward Password Requests to Wall Directory Watch.
[   12.718984] systemd[1]: Listening on Journal Audit Socket.
[   12.730481] systemd[1]: Listening on Journal Socket.
[   12.764620] Loading iSCSI transport class v2.0-870.
[   12.773357] iscsi: registered transport (tcp)
[   12.806745] iscsi: registered transport (iser)
[   13.545104] EXT4-fs (dm-0): re-mounted. Opts: errors=remount-ro
[   13.581563] systemd-journald[1017]: Received request to flush runtime journal from PID 1
[   13.792580] ehci-platform: EHCI generic platform driver
[   13.793625] ehci-platform PNP0D20:00: EHCI Host Controller
[   13.793696] ehci-platform PNP0D20:00: new USB bus registered, assigned bus number 1
[   13.793737] ehci-platform PNP0D20:00: irq 932, io mem 0xa7020000
[   13.799086] shpchp: Standard Hot Plug PCI Controller Driver version: 0.4
[   13.805280] ipmi message handler version 39.2
[   13.808861] ehci-platform PNP0D20:00: USB 2.0 started, EHCI 1.00
[   13.809109] usb usb1: New USB device found, idVendor=1d6b, idProduct=0002
[   13.809112] usb usb1: New USB device strings: Mfr=3, Product=2, SerialNumber=1
[   13.809114] usb usb1: Product: EHCI Host Controller
[   13.809115] usb usb1: Manufacturer: Linux 4.10.0-28-generic ehci_hcd
[   13.809117] usb usb1: SerialNumber: PNP0D20:00
[   13.809305] ipmi device interface
[   13.814941] ipmi_si IPI0001:00: probing via device tree
[   13.814944] ipmi_si IPI0001:00: ipmi_si: probing via ACPI
[   13.814976] ipmi_si IPI0001:00: [io  0x00e4-0x00e7] regsize 1 spacing 1 irq 0
[   13.814978] ipmi_si: Adding ACPI-specified bt state machine
[   13.815145] IPMI System Interface driver.
[   13.815463] ipmi_si: probing via SMBIOS
[   13.815465] ipmi_si: SMBIOS: io 0xe4 regsize 1 spacing 1 irq 0
[   13.815467] ipmi_si: SMBIOS-specified bt state machine: duplicate
[   13.815470] ipmi_si: Trying ACPI-specified bt state machine at i/o address 0xe4, slave address 0x0, irq 0
[   13.838518] hub 1-0:1.0: USB hub found
[   13.838531] hub 1-0:1.0: 2 ports detected
[   13.876877] IPMI BT: using default values
[   13.876879] IPMI BT: req2rsp=5 secs retries=2
[   14.124996] ipmi_si IPI0001:00: Found new BMC (man_id: 0x0007db, prod_id: 0x0001, dev_id: 0x01)
[   14.125070] ipmi_si IPI0001:00: IPMI bt interface initialized
[   14.127445] IPMI SSIF Interface driver
[   14.176853] usb 1-1: new high-speed USB device number 2 using ehci-platform
[   14.282029] Adding 515739644k swap on /dev/mapper/DPDK2--vg-swap_1.  Priority:-1 extents:1 across:515739644k SSFS
[   14.325252] usb 1-1: New USB device found, idVendor=0424, idProduct=2514
[   14.325254] usb 1-1: New USB device strings: Mfr=0, Product=0, SerialNumber=0
[   14.325548] hub 1-1:1.0: USB hub found
[   14.325623] hub 1-1:1.0: 4 ports detected
[   14.448850] usb 1-2: new high-speed USB device number 3 using ehci-platform
[   14.561693] EXT4-fs (nvme0n1p2): mounting ext2 file system using the ext4 subsystem
[   14.562360] EXT4-fs (nvme0n1p2): mounted filesystem without journal. Opts: (null)
[   14.601255] usb 1-2: New USB device found, idVendor=0424, idProduct=2514
[   14.601258] usb 1-2: New USB device strings: Mfr=0, Product=0, SerialNumber=0
[   14.601967] hub 1-2:1.0: USB hub found
[   14.602125] hub 1-2:1.0: 4 ports detected
[   14.680855] usb 1-1.2: new low-speed USB device number 4 using ehci-platform
[   14.715809] audit: type=1400 audit(1510888328.424:2): apparmor="STATUS" operation="profile_load" profile="unconfined" name="/usr/bin/lxc-start" pid=1911 comm="apparmor_parser"
[   14.716310] audit: type=1400 audit(1510888328.424:3): apparmor="STATUS" operation="profile_load" profile="unconfined" name="/usr/lib/snapd/snap-confine" pid=1913 comm="apparmor_parser"
[   14.716312] audit: type=1400 audit(1510888328.424:4): apparmor="STATUS" operation="profile_load" profile="unconfined" name="/usr/lib/snapd/snap-confine//mount-namespace-capture-helper" pid=1913 comm="apparmor_parser"
[   14.716338] audit: type=1400 audit(1510888328.424:5): apparmor="STATUS" operation="profile_load" profile="unconfined" name="/usr/lib/lxd/lxd-bridge-proxy" pid=1912 comm="apparmor_parser"
[   14.716568] audit: type=1400 audit(1510888328.424:6): apparmor="STATUS" operation="profile_load" profile="unconfined" name="/usr/sbin/tcpdump" pid=1915 comm="apparmor_parser"
[   14.717936] audit: type=1400 audit(1510888328.428:7): apparmor="STATUS" operation="profile_load" profile="unconfined" name="/sbin/dhclient" pid=1910 comm="apparmor_parser"
[   14.717937] audit: type=1400 audit(1510888328.428:8): apparmor="STATUS" operation="profile_load" profile="unconfined" name="/usr/lib/NetworkManager/nm-dhcp-client.action" pid=1910 comm="apparmor_parser"
[   14.717939] audit: type=1400 audit(1510888328.428:9): apparmor="STATUS" operation="profile_load" profile="unconfined" name="/usr/lib/NetworkManager/nm-dhcp-helper" pid=1910 comm="apparmor_parser"
[   14.717940] audit: type=1400 audit(1510888328.428:10): apparmor="STATUS" operation="profile_load" profile="unconfined" name="/usr/lib/connman/scripts/dhclient-script" pid=1910 comm="apparmor_parser"
[   14.719294] audit: type=1400 audit(1510888328.428:11): apparmor="STATUS" operation="profile_load" profile="unconfined" name="lxc-container-default" pid=1909 comm="apparmor_parser"
[   14.810125] usb 1-1.2: New USB device found, idVendor=413c, idProduct=2003
[   14.810127] usb 1-1.2: New USB device strings: Mfr=1, Product=2, SerialNumber=0
[   14.810129] usb 1-1.2: Product: Dell USB Keyboard
[   14.810131] usb 1-1.2: Manufacturer: Dell
[   14.819406] hidraw: raw HID events driver (C) Jiri Kosina
[   14.825585] usbcore: registered new interface driver usbhid
[   14.825587] usbhid: USB HID core driver
[   14.828030] input: Dell Dell USB Keyboard as /devices/platform/PNP0D20:00/usb1/1-1/1-1.2/1-1.2:1.0/0003:413C:2003.0001/input/input1
[   14.885008] hid-generic 0003:413C:2003.0001: input,hidraw0: USB HID v1.10 Keyboard [Dell Dell USB Keyboard] on usb-PNP0D20:00-1.2/input0
[   14.888850] usb 1-2.1: new full-speed USB device number 5 using ehci-platform
[   14.999876] usb 1-2.1: New USB device found, idVendor=12d1, idProduct=0003
[   14.999878] usb 1-2.1: New USB device strings: Mfr=1, Product=2, SerialNumber=0
[   14.999880] usb 1-2.1: Product: Keyboard/Mouse KVM 1.1.0
